[0.275s] DEBUG:colcon:Command line arguments: ['/usr/bin/colcon', 'build']
[0.276s] DEBUG:colcon:Parsed command line arguments: Namespace(log_base=None, log_level=None, verb_name='build', build_base='build', install_base='install', merge_install=False, symlink_install=False, test_result_base=None, continue_on_error=False, executor='parallel', parallel_workers=12, event_handlers=None, ignore_user_meta=False, metas=['./colcon.meta'], base_paths=['.'], packages_ignore=None, packages_ignore_regex=None, paths=None, packages_up_to=None, packages_up_to_regex=None, packages_above=None, packages_above_and_dependencies=None, packages_above_depth=None, packages_select_by_dep=None, packages_skip_by_dep=None, packages_skip_up_to=None, packages_select_build_failed=False, packages_skip_build_finished=False, packages_select_test_failures=False, packages_skip_test_passed=False, packages_select=None, packages_skip=None, packages_select_regex=None, packages_skip_regex=None, packages_start=None, packages_end=None, allow_overriding=[], cmake_args=None, cmake_target=None, cmake_target_skip_unavailable=False, cmake_clean_cache=False, cmake_clean_first=False, cmake_force_configure=False, ament_cmake_args=None, catkin_cmake_args=None, catkin_skip_building_tests=False, verb_parser=<colcon_defaults.argument_parser.defaults.DefaultArgumentsDecorator object at 0x7d019ce279d0>, verb_extension=<colcon_core.verb.build.BuildVerb object at 0x7d019ce27580>, main=<bound method BuildVerb.main of <colcon_core.verb.build.BuildVerb object at 0x7d019ce27580>>)
[0.586s] Level 1:colcon.colcon_core.package_discovery:discover_packages(colcon_meta) check parameters
[0.587s] Level 1:colcon.colcon_core.package_discovery:discover_packages(recursive) check parameters
[0.587s] Level 1:colcon.colcon_core.package_discovery:discover_packages(ignore) check parameters
[0.587s] Level 1:colcon.colcon_core.package_discovery:discover_packages(path) check parameters
[0.587s] Level 1:colcon.colcon_core.package_discovery:discover_packages(colcon_meta) discover
[0.587s] Level 1:colcon.colcon_core.package_discovery:discover_packages(recursive) discover
[0.587s] INFO:colcon.colcon_core.package_discovery:Crawling recursively for packages in '/mnt/c/Users/garci/code/rov-depth-hold'
[0.588s] Level 1:colcon.colcon_core.package_identification:_identify(.) by extensions ['ignore', 'ignore_ament_install']
[0.588s] Level 1:colcon.colcon_core.package_identification:_identify(.) by extension 'ignore'
[0.589s] Level 1:colcon.colcon_core.package_identification:_identify(.) by extension 'ignore_ament_install'
[0.589s] Level 1:colcon.colcon_core.package_identification:_identify(.) by extensions ['colcon_pkg']
[0.589s] Level 1:colcon.colcon_core.package_identification:_identify(.) by extension 'colcon_pkg'
[0.589s] Level 1:colcon.colcon_core.package_identification:_identify(.) by extensions ['colcon_meta']
[0.589s] Level 1:colcon.colcon_core.package_identification:_identify(.) by extension 'colcon_meta'
[0.590s] Level 1:colcon.colcon_core.package_identification:_identify(.) by extensions ['ros']
[0.590s] Level 1:colcon.colcon_core.package_identification:_identify(.) by extension 'ros'
[0.604s] Level 1:colcon.colcon_core.package_identification:_identify(.) by extensions ['cmake', 'python']
[0.604s] Level 1:colcon.colcon_core.package_identification:_identify(.) by extension 'cmake'
[0.604s] Level 1:colcon.colcon_core.package_identification:_identify(.) by extension 'python'
[0.604s] Level 1:colcon.colcon_core.package_identification:_identify(.) by extensions ['python_setup_py']
[0.604s] Level 1:colcon.colcon_core.package_identification:_identify(.) by extension 'python_setup_py'
[0.606s] Level 1:colcon.colcon_core.package_identification:_identify(build) by extensions ['ignore', 'ignore_ament_install']
[0.606s] Level 1:colcon.colcon_core.package_identification:_identify(build) by extension 'ignore'
[0.607s] Level 1:colcon.colcon_core.package_identification:_identify(build) ignored
[0.609s] Level 1:colcon.colcon_core.package_identification:_identify(install) by extensions ['ignore', 'ignore_ament_install']
[0.609s] Level 1:colcon.colcon_core.package_identification:_identify(install) by extension 'ignore'
[0.610s] Level 1:colcon.colcon_core.package_identification:_identify(install) ignored
[0.613s] Level 1:colcon.colcon_core.package_identification:_identify(log) by extensions ['ignore', 'ignore_ament_install']
[0.613s] Level 1:colcon.colcon_core.package_identification:_identify(log) by extension 'ignore'
[0.614s] Level 1:colcon.colcon_core.package_identification:_identify(log) ignored
[0.615s] Level 1:colcon.colcon_core.package_identification:_identify(my_rov_package) by extensions ['ignore', 'ignore_ament_install']
[0.615s] Level 1:colcon.colcon_core.package_identification:_identify(my_rov_package) by extension 'ignore'
[0.616s] Level 1:colcon.colcon_core.package_identification:_identify(my_rov_package) by extension 'ignore_ament_install'
[0.617s] Level 1:colcon.colcon_core.package_identification:_identify(my_rov_package) by extensions ['colcon_pkg']
[0.617s] Level 1:colcon.colcon_core.package_identification:_identify(my_rov_package) by extension 'colcon_pkg'
[0.617s] Level 1:colcon.colcon_core.package_identification:_identify(my_rov_package) by extensions ['colcon_meta']
[0.618s] Level 1:colcon.colcon_core.package_identification:_identify(my_rov_package) by extension 'colcon_meta'
[0.618s] Level 1:colcon.colcon_core.package_identification:_identify(my_rov_package) by extensions ['ros']
[0.618s] Level 1:colcon.colcon_core.package_identification:_identify(my_rov_package) by extension 'ros'
[0.627s] DEBUG:colcon.colcon_core.package_identification:Package 'my_rov_package' with type 'ros.ament_python' and name 'my_rov_package'
[0.627s] Level 1:colcon.colcon_core.package_discovery:discover_packages(recursive) using defaults
[0.627s] Level 1:colcon.colcon_core.package_discovery:discover_packages(ignore) discover
[0.627s] Level 1:colcon.colcon_core.package_discovery:discover_packages(ignore) using defaults
[0.627s] Level 1:colcon.colcon_core.package_discovery:discover_packages(path) discover
[0.627s] Level 1:colcon.colcon_core.package_discovery:discover_packages(path) using defaults
[0.676s] Level 1:colcon.colcon_core.package_discovery:discover_packages(prefix_path) check parameters
[0.677s] Level 1:colcon.colcon_core.package_discovery:discover_packages(prefix_path) discover
[0.700s] DEBUG:colcon.colcon_installed_package_information.package_discovery:Found 1 installed packages in /mnt/c/Users/garci/code/rov-depth-hold/install
[0.702s] DEBUG:colcon.colcon_installed_package_information.package_discovery:Found 285 installed packages in /opt/ros/humble
[0.713s] Level 1:colcon.colcon_core.package_discovery:discover_packages(prefix_path) using defaults
[0.746s] Level 5:colcon.colcon_core.verb:set package 'my_rov_package' build argument 'cmake_args' from command line to 'None'
[0.746s] Level 5:colcon.colcon_core.verb:set package 'my_rov_package' build argument 'cmake_target' from command line to 'None'
[0.746s] Level 5:colcon.colcon_core.verb:set package 'my_rov_package' build argument 'cmake_target_skip_unavailable' from command line to 'False'
[0.747s] Level 5:colcon.colcon_core.verb:set package 'my_rov_package' build argument 'cmake_clean_cache' from command line to 'False'
[0.747s] Level 5:colcon.colcon_core.verb:set package 'my_rov_package' build argument 'cmake_clean_first' from command line to 'False'
[0.747s] Level 5:colcon.colcon_core.verb:set package 'my_rov_package' build argument 'cmake_force_configure' from command line to 'False'
[0.747s] Level 5:colcon.colcon_core.verb:set package 'my_rov_package' build argument 'ament_cmake_args' from command line to 'None'
[0.747s] Level 5:colcon.colcon_core.verb:set package 'my_rov_package' build argument 'catkin_cmake_args' from command line to 'None'
[0.747s] Level 5:colcon.colcon_core.verb:set package 'my_rov_package' build argument 'catkin_skip_building_tests' from command line to 'False'
[0.747s] DEBUG:colcon.colcon_core.verb:Building package 'my_rov_package' with the following arguments: {'ament_cmake_args': None, 'build_base': '/mnt/c/Users/garci/code/rov-depth-hold/build/my_rov_package', 'catkin_cmake_args': None, 'catkin_skip_building_tests': False, 'cmake_args': None, 'cmake_clean_cache': False, 'cmake_clean_first': False, 'cmake_force_configure': False, 'cmake_target': None, 'cmake_target_skip_unavailable': False, 'install_base': '/mnt/c/Users/garci/code/rov-depth-hold/install/my_rov_package', 'merge_install': False, 'path': '/mnt/c/Users/garci/code/rov-depth-hold/my_rov_package', 'symlink_install': False, 'test_result_base': None}
[0.747s] INFO:colcon.colcon_core.executor:Executing jobs using 'parallel' executor
[0.748s] DEBUG:colcon.colcon_parallel_executor.executor.parallel:run_until_complete
[0.748s] INFO:colcon.colcon_ros.task.ament_python.build:Building ROS package in '/mnt/c/Users/garci/code/rov-depth-hold/my_rov_package' with build type 'ament_python'
[0.749s] Level 1:colcon.colcon_core.shell:create_environment_hook('my_rov_package', 'ament_prefix_path')
[0.756s] INFO:colcon.colcon_core.plugin_system:Skipping extension 'colcon_core.shell.bat': Not used on non-Windows systems
[0.756s] INFO:colcon.colcon_core.shell:Creating environment hook '/mnt/c/Users/garci/code/rov-depth-hold/install/my_rov_package/share/my_rov_package/hook/ament_prefix_path.ps1'
[0.766s] INFO:colcon.colcon_core.shell:Creating environment descriptor '/mnt/c/Users/garci/code/rov-depth-hold/install/my_rov_package/share/my_rov_package/hook/ament_prefix_path.dsv'
[0.776s] INFO:colcon.colcon_core.shell:Creating environment hook '/mnt/c/Users/garci/code/rov-depth-hold/install/my_rov_package/share/my_rov_package/hook/ament_prefix_path.sh'
[0.786s] INFO:colcon.colcon_core.shell:Skip shell extension 'powershell' for command environment: Not usable outside of PowerShell
[0.786s] DEBUG:colcon.colcon_core.shell:Skip shell extension 'dsv' for command environment
[1.211s] INFO:colcon.colcon_core.task.python.build:Building Python package in '/mnt/c/Users/garci/code/rov-depth-hold/my_rov_package'
[1.212s] INFO:colcon.colcon_core.shell:Skip shell extension 'powershell' for command environment: Not usable outside of PowerShell
[1.212s] DEBUG:colcon.colcon_core.shell:Skip shell extension 'dsv' for command environment
[2.158s] DEBUG:colcon.colcon_core.task.python.build:Available setuptools commands: install_data, bdist_wheel, update_catalog, install_egg_info, symlink_data, bdist_egg, bdist, sdist, check, clean, build_ext, build_py, compile_catalog, bdist_dumb, egg_info, build, install_lib, build_clib, alias, install, upload, install_headers, init_catalog, saveopts, bdist_rpm, setopt, upload_docs, install_scripts, develop, extract_messages, rotate, test, dist_info, easy_install, build_scripts, register
[2.179s] DEBUG:colcon.colcon_core.event_handler.log_command:Invoking command in '/mnt/c/Users/garci/code/rov-depth-hold/my_rov_package': PYTHONPATH=/mnt/c/Users/garci/code/rov-depth-hold/build/my_rov_package/prefix_override:/usr/lib/python3/dist-packages/colcon_core/task/python/colcon_distutils_commands:/mnt/c/Users/garci/code/rov-depth-hold/install/my_rov_package/lib/python3.10/site-packages:${PYTHONPATH} /usr/bin/python3 -W ignore:setup.py install is deprecated -W ignore:easy_install command is deprecated setup.py egg_info --egg-base ../build/my_rov_package build --build-base /mnt/c/Users/garci/code/rov-depth-hold/build/my_rov_package/build install --record /mnt/c/Users/garci/code/rov-depth-hold/build/my_rov_package/install.log --install-scripts $base/lib/my_rov_package --single-version-externally-managed install_data
[3.300s] DEBUG:colcon.colcon_core.event_handler.log_command:Invoked command in '/mnt/c/Users/garci/code/rov-depth-hold/my_rov_package' returned '0': PYTHONPATH=/mnt/c/Users/garci/code/rov-depth-hold/build/my_rov_package/prefix_override:/usr/lib/python3/dist-packages/colcon_core/task/python/colcon_distutils_commands:/mnt/c/Users/garci/code/rov-depth-hold/install/my_rov_package/lib/python3.10/site-packages:${PYTHONPATH} /usr/bin/python3 -W ignore:setup.py install is deprecated -W ignore:easy_install command is deprecated setup.py egg_info --egg-base ../build/my_rov_package build --build-base /mnt/c/Users/garci/code/rov-depth-hold/build/my_rov_package/build install --record /mnt/c/Users/garci/code/rov-depth-hold/build/my_rov_package/install.log --install-scripts $base/lib/my_rov_package --single-version-externally-managed install_data
[3.309s] Level 1:colcon.colcon_core.environment:checking '/mnt/c/Users/garci/code/rov-depth-hold/install/my_rov_package' for CMake module files
[3.347s] Level 1:colcon.colcon_core.environment:checking '/mnt/c/Users/garci/code/rov-depth-hold/install/my_rov_package' for CMake config files
[3.416s] Level 1:colcon.colcon_core.environment:checking '/mnt/c/Users/garci/code/rov-depth-hold/install/my_rov_package/lib'
[3.419s] Level 1:colcon.colcon_core.environment:checking '/mnt/c/Users/garci/code/rov-depth-hold/install/my_rov_package/bin'
[3.420s] Level 1:colcon.colcon_core.environment:checking '/mnt/c/Users/garci/code/rov-depth-hold/install/my_rov_package/lib/pkgconfig/my_rov_package.pc'
[3.421s] Level 1:colcon.colcon_core.environment:checking '/mnt/c/Users/garci/code/rov-depth-hold/install/my_rov_package/lib/python3.10/site-packages'
[3.423s] Level 1:colcon.colcon_core.shell:create_environment_hook('my_rov_package', 'pythonpath')
[3.423s] INFO:colcon.colcon_core.shell:Creating environment hook '/mnt/c/Users/garci/code/rov-depth-hold/install/my_rov_package/share/my_rov_package/hook/pythonpath.ps1'
[3.433s] INFO:colcon.colcon_core.shell:Creating environment descriptor '/mnt/c/Users/garci/code/rov-depth-hold/install/my_rov_package/share/my_rov_package/hook/pythonpath.dsv'
[3.442s] INFO:colcon.colcon_core.shell:Creating environment hook '/mnt/c/Users/garci/code/rov-depth-hold/install/my_rov_package/share/my_rov_package/hook/pythonpath.sh'
[3.451s] Level 1:colcon.colcon_core.environment:checking '/mnt/c/Users/garci/code/rov-depth-hold/install/my_rov_package/bin'
[3.452s] Level 1:colcon.colcon_core.environment:create_environment_scripts_only(my_rov_package)
[3.453s] INFO:colcon.colcon_core.shell:Creating package script '/mnt/c/Users/garci/code/rov-depth-hold/install/my_rov_package/share/my_rov_package/package.ps1'
[3.461s] INFO:colcon.colcon_core.shell:Creating package descriptor '/mnt/c/Users/garci/code/rov-depth-hold/install/my_rov_package/share/my_rov_package/package.dsv'
[3.470s] INFO:colcon.colcon_core.shell:Creating package script '/mnt/c/Users/garci/code/rov-depth-hold/install/my_rov_package/share/my_rov_package/package.sh'
[3.479s] INFO:colcon.colcon_core.shell:Creating package script '/mnt/c/Users/garci/code/rov-depth-hold/install/my_rov_package/share/my_rov_package/package.bash'
[3.488s] INFO:colcon.colcon_core.shell:Creating package script '/mnt/c/Users/garci/code/rov-depth-hold/install/my_rov_package/share/my_rov_package/package.zsh'
[3.496s] Level 1:colcon.colcon_core.environment:create_file_with_runtime_dependencies(/mnt/c/Users/garci/code/rov-depth-hold/install/my_rov_package/share/colcon-core/packages/my_rov_package)
[3.503s] DEBUG:colcon.colcon_parallel_executor.executor.parallel:closing loop
[3.503s] DEBUG:colcon.colcon_parallel_executor.executor.parallel:loop closed
[3.503s] DEBUG:colcon.colcon_parallel_executor.executor.parallel:run_until_complete finished with '0'
[3.503s] DEBUG:colcon.colcon_core.event_reactor:joining thread
[3.547s] INFO:colcon.colcon_core.plugin_system:Skipping extension 'colcon_notification.desktop_notification.notify_send': Could not find 'notify-send'
[3.547s] INFO:colcon.colcon_core.plugin_system:Skipping extension 'colcon_notification.desktop_notification.terminal_notifier': Not used on non-Darwin systems
[3.547s] INFO:colcon.colcon_core.plugin_system:Skipping extension 'colcon_notification.desktop_notification.win32': Not used on non-Windows systems
[3.547s] INFO:colcon.colcon_notification.desktop_notification:Sending desktop notification using 'notify2'
[3.548s] DEBUG:colcon.colcon_notification.desktop_notification.notify2:Failed to initialize notify2: org.freedesktop.DBus.Error.FileNotFound: Failed to connect to socket /run/user/1000/bus: No such file or directory
[3.548s] DEBUG:colcon.colcon_core.event_reactor:joined thread
[3.548s] INFO:colcon.colcon_core.shell:Creating prefix script '/mnt/c/Users/garci/code/rov-depth-hold/install/local_setup.ps1'
[3.552s] INFO:colcon.colcon_core.shell:Creating prefix util module '/mnt/c/Users/garci/code/rov-depth-hold/install/_local_setup_util_ps1.py'
[3.556s] INFO:colcon.colcon_core.shell:Creating prefix chain script '/mnt/c/Users/garci/code/rov-depth-hold/install/setup.ps1'
[3.566s] INFO:colcon.colcon_core.shell:Creating prefix script '/mnt/c/Users/garci/code/rov-depth-hold/install/local_setup.sh'
[3.570s] INFO:colcon.colcon_core.shell:Creating prefix util module '/mnt/c/Users/garci/code/rov-depth-hold/install/_local_setup_util_sh.py'
[3.573s] INFO:colcon.colcon_core.shell:Creating prefix chain script '/mnt/c/Users/garci/code/rov-depth-hold/install/setup.sh'
[3.583s] INFO:colcon.colcon_core.shell:Creating prefix script '/mnt/c/Users/garci/code/rov-depth-hold/install/local_setup.bash'
[3.587s] INFO:colcon.colcon_core.shell:Creating prefix chain script '/mnt/c/Users/garci/code/rov-depth-hold/install/setup.bash'
[3.596s] INFO:colcon.colcon_core.shell:Creating prefix script '/mnt/c/Users/garci/code/rov-depth-hold/install/local_setup.zsh'
[3.600s] INFO:colcon.colcon_core.shell:Creating prefix chain script '/mnt/c/Users/garci/code/rov-depth-hold/install/setup.zsh'
