[0.181s] DEBUG:colcon:Command line arguments: ['/usr/bin/colcon', 'build']
[0.181s] DEBUG:colcon:Parsed command line arguments: Namespace(log_base=None, log_level=None, verb_name='build', build_base='build', install_base='install', merge_install=False, symlink_install=False, test_result_base=None, continue_on_error=False, executor='parallel', parallel_workers=12, event_handlers=None, ignore_user_meta=False, metas=['./colcon.meta'], base_paths=['.'], packages_ignore=None, packages_ignore_regex=None, paths=None, packages_up_to=None, packages_up_to_regex=None, packages_above=None, packages_above_and_dependencies=None, packages_above_depth=None, packages_select_by_dep=None, packages_skip_by_dep=None, packages_skip_up_to=None, packages_select_build_failed=False, packages_skip_build_finished=False, packages_select_test_failures=False, packages_skip_test_passed=False, packages_select=None, packages_skip=None, packages_select_regex=None, packages_skip_regex=None, packages_start=None, packages_end=None, allow_overriding=[], cmake_args=None, cmake_target=None, cmake_target_skip_unavailable=False, cmake_clean_cache=False, cmake_clean_first=False, cmake_force_configure=False, ament_cmake_args=None, catkin_cmake_args=None, catkin_skip_building_tests=False, verb_parser=<colcon_defaults.argument_parser.defaults.DefaultArgumentsDecorator object at 0x7cd6aa71f6d0>, verb_extension=<colcon_core.verb.build.BuildVerb object at 0x7cd6aa71f280>, main=<bound method BuildVerb.main of <colcon_core.verb.build.BuildVerb object at 0x7cd6aa71f280>>)
[0.456s] Level 1:colcon.colcon_core.package_discovery:discover_packages(colcon_meta) check parameters
[0.456s] Level 1:colcon.colcon_core.package_discovery:discover_packages(recursive) check parameters
[0.457s] Level 1:colcon.colcon_core.package_discovery:discover_packages(ignore) check parameters
[0.457s] Level 1:colcon.colcon_core.package_discovery:discover_packages(path) check parameters
[0.457s] Level 1:colcon.colcon_core.package_discovery:discover_packages(colcon_meta) discover
[0.457s] Level 1:colcon.colcon_core.package_discovery:discover_packages(recursive) discover
[0.457s] INFO:colcon.colcon_core.package_discovery:Crawling recursively for packages in '/mnt/c/Users/garci/code/rov-depth-hold/my_rov_package'
[0.458s] Level 1:colcon.colcon_core.package_identification:_identify(.) by extensions ['ignore', 'ignore_ament_install']
[0.458s] Level 1:colcon.colcon_core.package_identification:_identify(.) by extension 'ignore'
[0.459s] Level 1:colcon.colcon_core.package_identification:_identify(.) by extension 'ignore_ament_install'
[0.459s] Level 1:colcon.colcon_core.package_identification:_identify(.) by extensions ['colcon_pkg']
[0.459s] Level 1:colcon.colcon_core.package_identification:_identify(.) by extension 'colcon_pkg'
[0.459s] Level 1:colcon.colcon_core.package_identification:_identify(.) by extensions ['colcon_meta']
[0.460s] Level 1:colcon.colcon_core.package_identification:_identify(.) by extension 'colcon_meta'
[0.460s] Level 1:colcon.colcon_core.package_identification:_identify(.) by extensions ['ros']
[0.460s] Level 1:colcon.colcon_core.package_identification:_identify(.) by extension 'ros'
[0.478s] DEBUG:colcon.colcon_core.package_identification:Package '.' with type 'ros.ament_python' and name 'my_rov_package'
[0.478s] Level 1:colcon.colcon_core.package_discovery:discover_packages(recursive) using defaults
[0.479s] Level 1:colcon.colcon_core.package_discovery:discover_packages(ignore) discover
[0.479s] Level 1:colcon.colcon_core.package_discovery:discover_packages(ignore) using defaults
[0.479s] Level 1:colcon.colcon_core.package_discovery:discover_packages(path) discover
[0.479s] Level 1:colcon.colcon_core.package_discovery:discover_packages(path) using defaults
[0.506s] Level 1:colcon.colcon_core.package_discovery:discover_packages(prefix_path) check parameters
[0.507s] Level 1:colcon.colcon_core.package_discovery:discover_packages(prefix_path) discover
[0.511s] DEBUG:colcon.colcon_installed_package_information.package_discovery:Found 285 installed packages in /opt/ros/humble
[0.521s] Level 1:colcon.colcon_core.package_discovery:discover_packages(prefix_path) using defaults
[0.591s] Level 5:colcon.colcon_core.verb:set package 'my_rov_package' build argument 'cmake_args' from command line to 'None'
[0.592s] Level 5:colcon.colcon_core.verb:set package 'my_rov_package' build argument 'cmake_target' from command line to 'None'
[0.592s] Level 5:colcon.colcon_core.verb:set package 'my_rov_package' build argument 'cmake_target_skip_unavailable' from command line to 'False'
[0.592s] Level 5:colcon.colcon_core.verb:set package 'my_rov_package' build argument 'cmake_clean_cache' from command line to 'False'
[0.592s] Level 5:colcon.colcon_core.verb:set package 'my_rov_package' build argument 'cmake_clean_first' from command line to 'False'
[0.592s] Level 5:colcon.colcon_core.verb:set package 'my_rov_package' build argument 'cmake_force_configure' from command line to 'False'
[0.592s] Level 5:colcon.colcon_core.verb:set package 'my_rov_package' build argument 'ament_cmake_args' from command line to 'None'
[0.592s] Level 5:colcon.colcon_core.verb:set package 'my_rov_package' build argument 'catkin_cmake_args' from command line to 'None'
[0.593s] Level 5:colcon.colcon_core.verb:set package 'my_rov_package' build argument 'catkin_skip_building_tests' from command line to 'False'
[0.593s] DEBUG:colcon.colcon_core.verb:Building package 'my_rov_package' with the following arguments: {'ament_cmake_args': None, 'build_base': '/mnt/c/Users/garci/code/rov-depth-hold/my_rov_package/build/my_rov_package', 'catkin_cmake_args': None, 'catkin_skip_building_tests': False, 'cmake_args': None, 'cmake_clean_cache': False, 'cmake_clean_first': False, 'cmake_force_configure': False, 'cmake_target': None, 'cmake_target_skip_unavailable': False, 'install_base': '/mnt/c/Users/garci/code/rov-depth-hold/my_rov_package/install/my_rov_package', 'merge_install': False, 'path': '/mnt/c/Users/garci/code/rov-depth-hold/my_rov_package', 'symlink_install': False, 'test_result_base': None}
[0.593s] INFO:colcon.colcon_core.executor:Executing jobs using 'parallel' executor
[0.594s] DEBUG:colcon.colcon_parallel_executor.executor.parallel:run_until_complete
[0.594s] INFO:colcon.colcon_ros.task.ament_python.build:Building ROS package in '/mnt/c/Users/garci/code/rov-depth-hold/my_rov_package' with build type 'ament_python'
[0.594s] Level 1:colcon.colcon_core.shell:create_environment_hook('my_rov_package', 'ament_prefix_path')
[0.599s] INFO:colcon.colcon_core.plugin_system:Skipping extension 'colcon_core.shell.bat': Not used on non-Windows systems
[0.599s] INFO:colcon.colcon_core.shell:Creating environment hook '/mnt/c/Users/garci/code/rov-depth-hold/my_rov_package/install/my_rov_package/share/my_rov_package/hook/ament_prefix_path.ps1'
[0.613s] INFO:colcon.colcon_core.shell:Creating environment descriptor '/mnt/c/Users/garci/code/rov-depth-hold/my_rov_package/install/my_rov_package/share/my_rov_package/hook/ament_prefix_path.dsv'
[0.623s] INFO:colcon.colcon_core.shell:Creating environment hook '/mnt/c/Users/garci/code/rov-depth-hold/my_rov_package/install/my_rov_package/share/my_rov_package/hook/ament_prefix_path.sh'
[0.634s] INFO:colcon.colcon_core.shell:Skip shell extension 'powershell' for command environment: Not usable outside of PowerShell
[0.634s] DEBUG:colcon.colcon_core.shell:Skip shell extension 'dsv' for command environment
[0.839s] INFO:colcon.colcon_core.task.python.build:Building Python package in '/mnt/c/Users/garci/code/rov-depth-hold/my_rov_package'
[0.839s] INFO:colcon.colcon_core.shell:Skip shell extension 'powershell' for command environment: Not usable outside of PowerShell
[0.839s] DEBUG:colcon.colcon_core.shell:Skip shell extension 'dsv' for command environment
[1.717s] DEBUG:colcon.colcon_core.task.python.build:Available setuptools commands: clean, install_headers, build_ext, develop, symlink_data, setopt, check, extract_messages, build_scripts, bdist, rotate, init_catalog, install_scripts, easy_install, bdist_dumb, bdist_wheel, register, build_py, bdist_egg, alias, install_egg_info, saveopts, dist_info, update_catalog, test, egg_info, install_lib, sdist, bdist_rpm, build, build_clib, upload_docs, install, upload, compile_catalog, install_data
[1.733s] DEBUG:colcon.colcon_core.event_handler.log_command:Invoking command in '/mnt/c/Users/garci/code/rov-depth-hold/my_rov_package': PYTHONPATH=/mnt/c/Users/garci/code/rov-depth-hold/my_rov_package/build/my_rov_package/prefix_override:/usr/lib/python3/dist-packages/colcon_core/task/python/colcon_distutils_commands:/mnt/c/Users/garci/code/rov-depth-hold/my_rov_package/install/my_rov_package/lib/python3.10/site-packages:${PYTHONPATH} /usr/bin/python3 -W ignore:setup.py install is deprecated -W ignore:easy_install command is deprecated setup.py egg_info --egg-base build/my_rov_package build --build-base /mnt/c/Users/garci/code/rov-depth-hold/my_rov_package/build/my_rov_package/build install --record /mnt/c/Users/garci/code/rov-depth-hold/my_rov_package/build/my_rov_package/install.log --install-scripts $base/lib/my_rov_package --single-version-externally-managed install_data
[2.732s] DEBUG:colcon.colcon_core.event_handler.log_command:Invoked command in '/mnt/c/Users/garci/code/rov-depth-hold/my_rov_package' returned '0': PYTHONPATH=/mnt/c/Users/garci/code/rov-depth-hold/my_rov_package/build/my_rov_package/prefix_override:/usr/lib/python3/dist-packages/colcon_core/task/python/colcon_distutils_commands:/mnt/c/Users/garci/code/rov-depth-hold/my_rov_package/install/my_rov_package/lib/python3.10/site-packages:${PYTHONPATH} /usr/bin/python3 -W ignore:setup.py install is deprecated -W ignore:easy_install command is deprecated setup.py egg_info --egg-base build/my_rov_package build --build-base /mnt/c/Users/garci/code/rov-depth-hold/my_rov_package/build/my_rov_package/build install --record /mnt/c/Users/garci/code/rov-depth-hold/my_rov_package/build/my_rov_package/install.log --install-scripts $base/lib/my_rov_package --single-version-externally-managed install_data
[2.735s] Level 1:colcon.colcon_core.environment:checking '/mnt/c/Users/garci/code/rov-depth-hold/my_rov_package/install/my_rov_package' for CMake module files
[2.758s] Level 1:colcon.colcon_core.environment:checking '/mnt/c/Users/garci/code/rov-depth-hold/my_rov_package/install/my_rov_package' for CMake config files
[2.809s] Level 1:colcon.colcon_core.environment:checking '/mnt/c/Users/garci/code/rov-depth-hold/my_rov_package/install/my_rov_package/lib'
[2.813s] Level 1:colcon.colcon_core.environment:checking '/mnt/c/Users/garci/code/rov-depth-hold/my_rov_package/install/my_rov_package/bin'
[2.814s] Level 1:colcon.colcon_core.environment:checking '/mnt/c/Users/garci/code/rov-depth-hold/my_rov_package/install/my_rov_package/lib/pkgconfig/my_rov_package.pc'
[2.815s] Level 1:colcon.colcon_core.environment:checking '/mnt/c/Users/garci/code/rov-depth-hold/my_rov_package/install/my_rov_package/lib/python3.10/site-packages'
[2.817s] Level 1:colcon.colcon_core.shell:create_environment_hook('my_rov_package', 'pythonpath')
[2.817s] INFO:colcon.colcon_core.shell:Creating environment hook '/mnt/c/Users/garci/code/rov-depth-hold/my_rov_package/install/my_rov_package/share/my_rov_package/hook/pythonpath.ps1'
[2.827s] INFO:colcon.colcon_core.shell:Creating environment descriptor '/mnt/c/Users/garci/code/rov-depth-hold/my_rov_package/install/my_rov_package/share/my_rov_package/hook/pythonpath.dsv'
[2.837s] INFO:colcon.colcon_core.shell:Creating environment hook '/mnt/c/Users/garci/code/rov-depth-hold/my_rov_package/install/my_rov_package/share/my_rov_package/hook/pythonpath.sh'
[2.846s] Level 1:colcon.colcon_core.environment:checking '/mnt/c/Users/garci/code/rov-depth-hold/my_rov_package/install/my_rov_package/bin'
[2.847s] Level 1:colcon.colcon_core.environment:create_environment_scripts_only(my_rov_package)
[2.848s] INFO:colcon.colcon_core.shell:Creating package script '/mnt/c/Users/garci/code/rov-depth-hold/my_rov_package/install/my_rov_package/share/my_rov_package/package.ps1'
[2.856s] INFO:colcon.colcon_core.shell:Creating package descriptor '/mnt/c/Users/garci/code/rov-depth-hold/my_rov_package/install/my_rov_package/share/my_rov_package/package.dsv'
[2.866s] INFO:colcon.colcon_core.shell:Creating package script '/mnt/c/Users/garci/code/rov-depth-hold/my_rov_package/install/my_rov_package/share/my_rov_package/package.sh'
[2.875s] INFO:colcon.colcon_core.shell:Creating package script '/mnt/c/Users/garci/code/rov-depth-hold/my_rov_package/install/my_rov_package/share/my_rov_package/package.bash'
[2.884s] INFO:colcon.colcon_core.shell:Creating package script '/mnt/c/Users/garci/code/rov-depth-hold/my_rov_package/install/my_rov_package/share/my_rov_package/package.zsh'
[2.892s] Level 1:colcon.colcon_core.environment:create_file_with_runtime_dependencies(/mnt/c/Users/garci/code/rov-depth-hold/my_rov_package/install/my_rov_package/share/colcon-core/packages/my_rov_package)
[2.899s] DEBUG:colcon.colcon_parallel_executor.executor.parallel:closing loop
[2.900s] DEBUG:colcon.colcon_parallel_executor.executor.parallel:loop closed
[2.900s] DEBUG:colcon.colcon_parallel_executor.executor.parallel:run_until_complete finished with '0'
[2.900s] DEBUG:colcon.colcon_core.event_reactor:joining thread
[2.940s] INFO:colcon.colcon_core.plugin_system:Skipping extension 'colcon_notification.desktop_notification.notify_send': Could not find 'notify-send'
[2.940s] INFO:colcon.colcon_core.plugin_system:Skipping extension 'colcon_notification.desktop_notification.terminal_notifier': Not used on non-Darwin systems
[2.940s] INFO:colcon.colcon_core.plugin_system:Skipping extension 'colcon_notification.desktop_notification.win32': Not used on non-Windows systems
[2.940s] INFO:colcon.colcon_notification.desktop_notification:Sending desktop notification using 'notify2'
[2.941s] DEBUG:colcon.colcon_notification.desktop_notification.notify2:Failed to initialize notify2: org.freedesktop.DBus.Error.FileNotFound: Failed to connect to socket /run/user/1000/bus: No such file or directory
[2.941s] DEBUG:colcon.colcon_core.event_reactor:joined thread
[2.941s] INFO:colcon.colcon_core.shell:Creating prefix script '/mnt/c/Users/garci/code/rov-depth-hold/my_rov_package/install/local_setup.ps1'
[2.945s] INFO:colcon.colcon_core.shell:Creating prefix util module '/mnt/c/Users/garci/code/rov-depth-hold/my_rov_package/install/_local_setup_util_ps1.py'
[2.950s] INFO:colcon.colcon_core.shell:Creating prefix chain script '/mnt/c/Users/garci/code/rov-depth-hold/my_rov_package/install/setup.ps1'
[2.955s] INFO:colcon.colcon_core.shell:Creating prefix script '/mnt/c/Users/garci/code/rov-depth-hold/my_rov_package/install/local_setup.sh'
[2.959s] INFO:colcon.colcon_core.shell:Creating prefix util module '/mnt/c/Users/garci/code/rov-depth-hold/my_rov_package/install/_local_setup_util_sh.py'
[2.963s] INFO:colcon.colcon_core.shell:Creating prefix chain script '/mnt/c/Users/garci/code/rov-depth-hold/my_rov_package/install/setup.sh'
[2.968s] INFO:colcon.colcon_core.shell:Creating prefix script '/mnt/c/Users/garci/code/rov-depth-hold/my_rov_package/install/local_setup.bash'
[2.972s] INFO:colcon.colcon_core.shell:Creating prefix chain script '/mnt/c/Users/garci/code/rov-depth-hold/my_rov_package/install/setup.bash'
[2.976s] INFO:colcon.colcon_core.shell:Creating prefix script '/mnt/c/Users/garci/code/rov-depth-hold/my_rov_package/install/local_setup.zsh'
[2.980s] INFO:colcon.colcon_core.shell:Creating prefix chain script '/mnt/c/Users/garci/code/rov-depth-hold/my_rov_package/install/setup.zsh'
