[0.236s] DEBUG:colcon:Command line arguments: ['/usr/bin/colcon', 'build']
[0.236s] DEBUG:colcon:Parsed command line arguments: Namespace(log_base=None, log_level=None, verb_name='build', build_base='build', install_base='install', merge_install=False, symlink_install=False, test_result_base=None, continue_on_error=False, executor='parallel', parallel_workers=12, event_handlers=None, ignore_user_meta=False, metas=['./colcon.meta'], base_paths=['.'], packages_ignore=None, packages_ignore_regex=None, paths=None, packages_up_to=None, packages_up_to_regex=None, packages_above=None, packages_above_and_dependencies=None, packages_above_depth=None, packages_select_by_dep=None, packages_skip_by_dep=None, packages_skip_up_to=None, packages_select_build_failed=False, packages_skip_build_finished=False, packages_select_test_failures=False, packages_skip_test_passed=False, packages_select=None, packages_skip=None, packages_select_regex=None, packages_skip_regex=None, packages_start=None, packages_end=None, allow_overriding=[], cmake_args=None, cmake_target=None, cmake_target_skip_unavailable=False, cmake_clean_cache=False, cmake_clean_first=False, cmake_force_configure=False, ament_cmake_args=None, catkin_cmake_args=None, catkin_skip_building_tests=False, verb_parser=<colcon_defaults.argument_parser.defaults.DefaultArgumentsDecorator object at 0x7412f1f2f940>, verb_extension=<colcon_core.verb.build.BuildVerb object at 0x7412f1f2f4f0>, main=<bound method BuildVerb.main of <colcon_core.verb.build.BuildVerb object at 0x7412f1f2f4f0>>)
[0.397s] Level 1:colcon.colcon_core.package_discovery:discover_packages(colcon_meta) check parameters
[0.398s] Level 1:colcon.colcon_core.package_discovery:discover_packages(recursive) check parameters
[0.398s] Level 1:colcon.colcon_core.package_discovery:discover_packages(ignore) check parameters
[0.398s] Level 1:colcon.colcon_core.package_discovery:discover_packages(path) check parameters
[0.398s] Level 1:colcon.colcon_core.package_discovery:discover_packages(colcon_meta) discover
[0.398s] Level 1:colcon.colcon_core.package_discovery:discover_packages(recursive) discover
[0.398s] INFO:colcon.colcon_core.package_discovery:Crawling recursively for packages in '/mnt/c/Users/garci/code/rov-depth-hold'
[0.399s] Level 1:colcon.colcon_core.package_identification:_identify(.) by extensions ['ignore', 'ignore_ament_install']
[0.399s] Level 1:colcon.colcon_core.package_identification:_identify(.) by extension 'ignore'
[0.400s] Level 1:colcon.colcon_core.package_identification:_identify(.) by extension 'ignore_ament_install'
[0.400s] Level 1:colcon.colcon_core.package_identification:_identify(.) by extensions ['colcon_pkg']
[0.400s] Level 1:colcon.colcon_core.package_identification:_identify(.) by extension 'colcon_pkg'
[0.400s] Level 1:colcon.colcon_core.package_identification:_identify(.) by extensions ['colcon_meta']
[0.401s] Level 1:colcon.colcon_core.package_identification:_identify(.) by extension 'colcon_meta'
[0.401s] Level 1:colcon.colcon_core.package_identification:_identify(.) by extensions ['ros']
[0.401s] Level 1:colcon.colcon_core.package_identification:_identify(.) by extension 'ros'
[0.410s] Level 1:colcon.colcon_core.package_identification:_identify(.) by extensions ['cmake', 'python']
[0.410s] Level 1:colcon.colcon_core.package_identification:_identify(.) by extension 'cmake'
[0.410s] Level 1:colcon.colcon_core.package_identification:_identify(.) by extension 'python'
[0.411s] Level 1:colcon.colcon_core.package_identification:_identify(.) by extensions ['python_setup_py']
[0.411s] Level 1:colcon.colcon_core.package_identification:_identify(.) by extension 'python_setup_py'
[0.413s] Level 1:colcon.colcon_core.package_identification:_identify(build) by extensions ['ignore', 'ignore_ament_install']
[0.413s] Level 1:colcon.colcon_core.package_identification:_identify(build) by extension 'ignore'
[0.414s] Level 1:colcon.colcon_core.package_identification:_identify(build) ignored
[0.416s] Level 1:colcon.colcon_core.package_identification:_identify(install) by extensions ['ignore', 'ignore_ament_install']
[0.416s] Level 1:colcon.colcon_core.package_identification:_identify(install) by extension 'ignore'
[0.417s] Level 1:colcon.colcon_core.package_identification:_identify(install) ignored
[0.418s] Level 1:colcon.colcon_core.package_identification:_identify(launch) by extensions ['ignore', 'ignore_ament_install']
[0.418s] Level 1:colcon.colcon_core.package_identification:_identify(launch) by extension 'ignore'
[0.419s] Level 1:colcon.colcon_core.package_identification:_identify(launch) by extension 'ignore_ament_install'
[0.420s] Level 1:colcon.colcon_core.package_identification:_identify(launch) by extensions ['colcon_pkg']
[0.420s] Level 1:colcon.colcon_core.package_identification:_identify(launch) by extension 'colcon_pkg'
[0.421s] Level 1:colcon.colcon_core.package_identification:_identify(launch) by extensions ['colcon_meta']
[0.421s] Level 1:colcon.colcon_core.package_identification:_identify(launch) by extension 'colcon_meta'
[0.422s] Level 1:colcon.colcon_core.package_identification:_identify(launch) by extensions ['ros']
[0.422s] Level 1:colcon.colcon_core.package_identification:_identify(launch) by extension 'ros'
[0.424s] Level 1:colcon.colcon_core.package_identification:_identify(launch) by extensions ['cmake', 'python']
[0.424s] Level 1:colcon.colcon_core.package_identification:_identify(launch) by extension 'cmake'
[0.425s] Level 1:colcon.colcon_core.package_identification:_identify(launch) by extension 'python'
[0.425s] Level 1:colcon.colcon_core.package_identification:_identify(launch) by extensions ['python_setup_py']
[0.426s] Level 1:colcon.colcon_core.package_identification:_identify(launch) by extension 'python_setup_py'
[0.429s] Level 1:colcon.colcon_core.package_identification:_identify(log) by extensions ['ignore', 'ignore_ament_install']
[0.429s] Level 1:colcon.colcon_core.package_identification:_identify(log) by extension 'ignore'
[0.430s] Level 1:colcon.colcon_core.package_identification:_identify(log) ignored
[0.432s] Level 1:colcon.colcon_core.package_identification:_identify(my_rov_package) by extensions ['ignore', 'ignore_ament_install']
[0.432s] Level 1:colcon.colcon_core.package_identification:_identify(my_rov_package) by extension 'ignore'
[0.432s] Level 1:colcon.colcon_core.package_identification:_identify(my_rov_package) by extension 'ignore_ament_install'
[0.433s] Level 1:colcon.colcon_core.package_identification:_identify(my_rov_package) by extensions ['colcon_pkg']
[0.433s] Level 1:colcon.colcon_core.package_identification:_identify(my_rov_package) by extension 'colcon_pkg'
[0.434s] Level 1:colcon.colcon_core.package_identification:_identify(my_rov_package) by extensions ['colcon_meta']
[0.434s] Level 1:colcon.colcon_core.package_identification:_identify(my_rov_package) by extension 'colcon_meta'
[0.435s] Level 1:colcon.colcon_core.package_identification:_identify(my_rov_package) by extensions ['ros']
[0.435s] Level 1:colcon.colcon_core.package_identification:_identify(my_rov_package) by extension 'ros'
[0.443s] DEBUG:colcon.colcon_core.package_identification:Package 'my_rov_package' with type 'ros.ament_python' and name 'my_rov_package'
[0.443s] Level 1:colcon.colcon_core.package_discovery:discover_packages(recursive) using defaults
[0.443s] Level 1:colcon.colcon_core.package_discovery:discover_packages(ignore) discover
[0.443s] Level 1:colcon.colcon_core.package_discovery:discover_packages(ignore) using defaults
[0.443s] Level 1:colcon.colcon_core.package_discovery:discover_packages(path) discover
[0.443s] Level 1:colcon.colcon_core.package_discovery:discover_packages(path) using defaults
[0.482s] Level 1:colcon.colcon_core.package_discovery:discover_packages(prefix_path) check parameters
[0.482s] Level 1:colcon.colcon_core.package_discovery:discover_packages(prefix_path) discover
[0.507s] DEBUG:colcon.colcon_installed_package_information.package_discovery:Found 1 installed packages in /mnt/c/Users/garci/code/rov-depth-hold/install
[0.509s] DEBUG:colcon.colcon_installed_package_information.package_discovery:Found 285 installed packages in /opt/ros/humble
[0.517s] Level 1:colcon.colcon_core.package_discovery:discover_packages(prefix_path) using defaults
[0.548s] Level 5:colcon.colcon_core.verb:set package 'my_rov_package' build argument 'cmake_args' from command line to 'None'
[0.548s] Level 5:colcon.colcon_core.verb:set package 'my_rov_package' build argument 'cmake_target' from command line to 'None'
[0.548s] Level 5:colcon.colcon_core.verb:set package 'my_rov_package' build argument 'cmake_target_skip_unavailable' from command line to 'False'
[0.549s] Level 5:colcon.colcon_core.verb:set package 'my_rov_package' build argument 'cmake_clean_cache' from command line to 'False'
[0.549s] Level 5:colcon.colcon_core.verb:set package 'my_rov_package' build argument 'cmake_clean_first' from command line to 'False'
[0.549s] Level 5:colcon.colcon_core.verb:set package 'my_rov_package' build argument 'cmake_force_configure' from command line to 'False'
[0.549s] Level 5:colcon.colcon_core.verb:set package 'my_rov_package' build argument 'ament_cmake_args' from command line to 'None'
[0.549s] Level 5:colcon.colcon_core.verb:set package 'my_rov_package' build argument 'catkin_cmake_args' from command line to 'None'
[0.549s] Level 5:colcon.colcon_core.verb:set package 'my_rov_package' build argument 'catkin_skip_building_tests' from command line to 'False'
[0.549s] DEBUG:colcon.colcon_core.verb:Building package 'my_rov_package' with the following arguments: {'ament_cmake_args': None, 'build_base': '/mnt/c/Users/garci/code/rov-depth-hold/build/my_rov_package', 'catkin_cmake_args': None, 'catkin_skip_building_tests': False, 'cmake_args': None, 'cmake_clean_cache': False, 'cmake_clean_first': False, 'cmake_force_configure': False, 'cmake_target': None, 'cmake_target_skip_unavailable': False, 'install_base': '/mnt/c/Users/garci/code/rov-depth-hold/install/my_rov_package', 'merge_install': False, 'path': '/mnt/c/Users/garci/code/rov-depth-hold/my_rov_package', 'symlink_install': False, 'test_result_base': None}
[0.550s] INFO:colcon.colcon_core.executor:Executing jobs using 'parallel' executor
[0.550s] DEBUG:colcon.colcon_parallel_executor.executor.parallel:run_until_complete
[0.551s] INFO:colcon.colcon_ros.task.ament_python.build:Building ROS package in '/mnt/c/Users/garci/code/rov-depth-hold/my_rov_package' with build type 'ament_python'
[0.551s] Level 1:colcon.colcon_core.shell:create_environment_hook('my_rov_package', 'ament_prefix_path')
[0.555s] INFO:colcon.colcon_core.plugin_system:Skipping extension 'colcon_core.shell.bat': Not used on non-Windows systems
[0.556s] INFO:colcon.colcon_core.shell:Creating environment hook '/mnt/c/Users/garci/code/rov-depth-hold/install/my_rov_package/share/my_rov_package/hook/ament_prefix_path.ps1'
[0.566s] INFO:colcon.colcon_core.shell:Creating environment descriptor '/mnt/c/Users/garci/code/rov-depth-hold/install/my_rov_package/share/my_rov_package/hook/ament_prefix_path.dsv'
[0.576s] INFO:colcon.colcon_core.shell:Creating environment hook '/mnt/c/Users/garci/code/rov-depth-hold/install/my_rov_package/share/my_rov_package/hook/ament_prefix_path.sh'
[0.586s] INFO:colcon.colcon_core.shell:Skip shell extension 'powershell' for command environment: Not usable outside of PowerShell
[0.586s] DEBUG:colcon.colcon_core.shell:Skip shell extension 'dsv' for command environment
[1.027s] INFO:colcon.colcon_core.task.python.build:Building Python package in '/mnt/c/Users/garci/code/rov-depth-hold/my_rov_package'
[1.028s] INFO:colcon.colcon_core.shell:Skip shell extension 'powershell' for command environment: Not usable outside of PowerShell
[1.028s] DEBUG:colcon.colcon_core.shell:Skip shell extension 'dsv' for command environment
[1.812s] DEBUG:colcon.colcon_core.task.python.build:Available setuptools commands: test, build_clib, upload_docs, build_py, init_catalog, sdist, check, update_catalog, register, easy_install, install, build_scripts, saveopts, egg_info, install_data, install_scripts, develop, rotate, build_ext, setopt, install_lib, bdist_wheel, bdist, symlink_data, clean, alias, compile_catalog, upload, build, install_headers, bdist_rpm, bdist_egg, bdist_dumb, install_egg_info, dist_info, extract_messages
[1.829s] DEBUG:colcon.colcon_core.event_handler.log_command:Invoking command in '/mnt/c/Users/garci/code/rov-depth-hold/my_rov_package': PYTHONPATH=/mnt/c/Users/garci/code/rov-depth-hold/build/my_rov_package/prefix_override:/usr/lib/python3/dist-packages/colcon_core/task/python/colcon_distutils_commands:/mnt/c/Users/garci/code/rov-depth-hold/install/my_rov_package/lib/python3.10/site-packages:${PYTHONPATH} /usr/bin/python3 -W ignore:setup.py install is deprecated -W ignore:easy_install command is deprecated setup.py egg_info --egg-base ../build/my_rov_package build --build-base /mnt/c/Users/garci/code/rov-depth-hold/build/my_rov_package/build install --record /mnt/c/Users/garci/code/rov-depth-hold/build/my_rov_package/install.log --install-scripts $base/lib/my_rov_package --single-version-externally-managed install_data
[2.871s] DEBUG:colcon.colcon_core.event_handler.log_command:Invoked command in '/mnt/c/Users/garci/code/rov-depth-hold/my_rov_package' returned '0': PYTHONPATH=/mnt/c/Users/garci/code/rov-depth-hold/build/my_rov_package/prefix_override:/usr/lib/python3/dist-packages/colcon_core/task/python/colcon_distutils_commands:/mnt/c/Users/garci/code/rov-depth-hold/install/my_rov_package/lib/python3.10/site-packages:${PYTHONPATH} /usr/bin/python3 -W ignore:setup.py install is deprecated -W ignore:easy_install command is deprecated setup.py egg_info --egg-base ../build/my_rov_package build --build-base /mnt/c/Users/garci/code/rov-depth-hold/build/my_rov_package/build install --record /mnt/c/Users/garci/code/rov-depth-hold/build/my_rov_package/install.log --install-scripts $base/lib/my_rov_package --single-version-externally-managed install_data
[2.878s] Level 1:colcon.colcon_core.environment:checking '/mnt/c/Users/garci/code/rov-depth-hold/install/my_rov_package' for CMake module files
[2.910s] Level 1:colcon.colcon_core.environment:checking '/mnt/c/Users/garci/code/rov-depth-hold/install/my_rov_package' for CMake config files
[2.966s] Level 1:colcon.colcon_core.environment:checking '/mnt/c/Users/garci/code/rov-depth-hold/install/my_rov_package/lib'
[2.970s] Level 1:colcon.colcon_core.environment:checking '/mnt/c/Users/garci/code/rov-depth-hold/install/my_rov_package/bin'
[2.971s] Level 1:colcon.colcon_core.environment:checking '/mnt/c/Users/garci/code/rov-depth-hold/install/my_rov_package/lib/pkgconfig/my_rov_package.pc'
[2.972s] Level 1:colcon.colcon_core.environment:checking '/mnt/c/Users/garci/code/rov-depth-hold/install/my_rov_package/lib/python3.10/site-packages'
[2.974s] Level 1:colcon.colcon_core.shell:create_environment_hook('my_rov_package', 'pythonpath')
[2.974s] INFO:colcon.colcon_core.shell:Creating environment hook '/mnt/c/Users/garci/code/rov-depth-hold/install/my_rov_package/share/my_rov_package/hook/pythonpath.ps1'
[2.984s] INFO:colcon.colcon_core.shell:Creating environment descriptor '/mnt/c/Users/garci/code/rov-depth-hold/install/my_rov_package/share/my_rov_package/hook/pythonpath.dsv'
[2.994s] INFO:colcon.colcon_core.shell:Creating environment hook '/mnt/c/Users/garci/code/rov-depth-hold/install/my_rov_package/share/my_rov_package/hook/pythonpath.sh'
[3.004s] Level 1:colcon.colcon_core.environment:checking '/mnt/c/Users/garci/code/rov-depth-hold/install/my_rov_package/bin'
[3.005s] Level 1:colcon.colcon_core.environment:create_environment_scripts_only(my_rov_package)
[3.005s] INFO:colcon.colcon_core.shell:Creating package script '/mnt/c/Users/garci/code/rov-depth-hold/install/my_rov_package/share/my_rov_package/package.ps1'
[3.013s] INFO:colcon.colcon_core.shell:Creating package descriptor '/mnt/c/Users/garci/code/rov-depth-hold/install/my_rov_package/share/my_rov_package/package.dsv'
[3.021s] INFO:colcon.colcon_core.shell:Creating package script '/mnt/c/Users/garci/code/rov-depth-hold/install/my_rov_package/share/my_rov_package/package.sh'
[3.030s] INFO:colcon.colcon_core.shell:Creating package script '/mnt/c/Users/garci/code/rov-depth-hold/install/my_rov_package/share/my_rov_package/package.bash'
[3.039s] INFO:colcon.colcon_core.shell:Creating package script '/mnt/c/Users/garci/code/rov-depth-hold/install/my_rov_package/share/my_rov_package/package.zsh'
[3.048s] Level 1:colcon.colcon_core.environment:create_file_with_runtime_dependencies(/mnt/c/Users/garci/code/rov-depth-hold/install/my_rov_package/share/colcon-core/packages/my_rov_package)
[3.054s] DEBUG:colcon.colcon_parallel_executor.executor.parallel:closing loop
[3.055s] DEBUG:colcon.colcon_parallel_executor.executor.parallel:loop closed
[3.055s] DEBUG:colcon.colcon_parallel_executor.executor.parallel:run_until_complete finished with '0'
[3.055s] DEBUG:colcon.colcon_core.event_reactor:joining thread
[3.094s] INFO:colcon.colcon_core.plugin_system:Skipping extension 'colcon_notification.desktop_notification.notify_send': Could not find 'notify-send'
[3.094s] INFO:colcon.colcon_core.plugin_system:Skipping extension 'colcon_notification.desktop_notification.terminal_notifier': Not used on non-Darwin systems
[3.094s] INFO:colcon.colcon_core.plugin_system:Skipping extension 'colcon_notification.desktop_notification.win32': Not used on non-Windows systems
[3.094s] INFO:colcon.colcon_notification.desktop_notification:Sending desktop notification using 'notify2'
[3.095s] DEBUG:colcon.colcon_notification.desktop_notification.notify2:Failed to initialize notify2: org.freedesktop.DBus.Error.FileNotFound: Failed to connect to socket /run/user/1000/bus: No such file or directory
[3.095s] DEBUG:colcon.colcon_core.event_reactor:joined thread
[3.095s] INFO:colcon.colcon_core.shell:Creating prefix script '/mnt/c/Users/garci/code/rov-depth-hold/install/local_setup.ps1'
[3.099s] INFO:colcon.colcon_core.shell:Creating prefix util module '/mnt/c/Users/garci/code/rov-depth-hold/install/_local_setup_util_ps1.py'
[3.103s] INFO:colcon.colcon_core.shell:Creating prefix chain script '/mnt/c/Users/garci/code/rov-depth-hold/install/setup.ps1'
[3.111s] INFO:colcon.colcon_core.shell:Creating prefix script '/mnt/c/Users/garci/code/rov-depth-hold/install/local_setup.sh'
[3.114s] INFO:colcon.colcon_core.shell:Creating prefix util module '/mnt/c/Users/garci/code/rov-depth-hold/install/_local_setup_util_sh.py'
[3.118s] INFO:colcon.colcon_core.shell:Creating prefix chain script '/mnt/c/Users/garci/code/rov-depth-hold/install/setup.sh'
[3.127s] INFO:colcon.colcon_core.shell:Creating prefix script '/mnt/c/Users/garci/code/rov-depth-hold/install/local_setup.bash'
[3.131s] INFO:colcon.colcon_core.shell:Creating prefix chain script '/mnt/c/Users/garci/code/rov-depth-hold/install/setup.bash'
[3.139s] INFO:colcon.colcon_core.shell:Creating prefix script '/mnt/c/Users/garci/code/rov-depth-hold/install/local_setup.zsh'
[3.142s] INFO:colcon.colcon_core.shell:Creating prefix chain script '/mnt/c/Users/garci/code/rov-depth-hold/install/setup.zsh'
