running egg_info
writing ../build/my_rov_package/my_rov_package.egg-info/PKG-INFO
writing dependency_links to ../build/my_rov_package/my_rov_package.egg-info/dependency_links.txt
writing entry points to ../build/my_rov_package/my_rov_package.egg-info/entry_points.txt
writing requirements to ../build/my_rov_package/my_rov_package.egg-info/requires.txt
writing top-level names to ../build/my_rov_package/my_rov_package.egg-info/top_level.txt
reading manifest file '../build/my_rov_package/my_rov_package.egg-info/SOURCES.txt'
writing manifest file '../build/my_rov_package/my_rov_package.egg-info/SOURCES.txt'
running build
running build_py
copying my_rov_package/controller_node.py -> /mnt/c/Users/garci/code/rov-depth-hold/build/my_rov_package/build/lib/my_rov_package
copying my_rov_package/depth_sensor.py -> /mnt/c/Users/garci/code/rov-depth-hold/build/my_rov_package/build/lib/my_rov_package
running install
running install_lib
copying /mnt/c/Users/garci/code/rov-depth-hold/build/my_rov_package/build/lib/my_rov_package/controller_node.py -> /mnt/c/Users/garci/code/rov-depth-hold/install/my_rov_package/lib/python3.10/site-packages/my_rov_package
copying /mnt/c/Users/garci/code/rov-depth-hold/build/my_rov_package/build/lib/my_rov_package/depth_sensor.py -> /mnt/c/Users/garci/code/rov-depth-hold/install/my_rov_package/lib/python3.10/site-packages/my_rov_package
byte-compiling /mnt/c/Users/garci/code/rov-depth-hold/install/my_rov_package/lib/python3.10/site-packages/my_rov_package/controller_node.py to controller_node.cpython-310.pyc
byte-compiling /mnt/c/Users/garci/code/rov-depth-hold/install/my_rov_package/lib/python3.10/site-packages/my_rov_package/depth_sensor.py to depth_sensor.cpython-310.pyc
running install_data
running install_egg_info
removing '/mnt/c/Users/garci/code/rov-depth-hold/install/my_rov_package/lib/python3.10/site-packages/my_rov_package-0.0.0-py3.10.egg-info' (and everything under it)
Copying ../build/my_rov_package/my_rov_package.egg-info to /mnt/c/Users/garci/code/rov-depth-hold/install/my_rov_package/lib/python3.10/site-packages/my_rov_package-0.0.0-py3.10.egg-info
running install_scripts
Installing controller_node script to /mnt/c/Users/garci/code/rov-depth-hold/install/my_rov_package/lib/my_rov_package
Installing depth_sensor script to /mnt/c/Users/garci/code/rov-depth-hold/install/my_rov_package/lib/my_rov_package
writing list of installed files to '/mnt/c/Users/garci/code/rov-depth-hold/build/my_rov_package/install.log'
