[1.348s] Invoking command in '/mnt/c/Users/garci/code/rov-depth-hold/my_rov_package': PYTHONPATH=/mnt/c/Users/garci/code/rov-depth-hold/build/my_rov_package/prefix_override:/usr/lib/python3/dist-packages/colcon_core/task/python/colcon_distutils_commands:/mnt/c/Users/garci/code/rov-depth-hold/install/my_rov_package/lib/python3.10/site-packages:${PYTHONPATH} /usr/bin/python3 -W ignore:setup.py install is deprecated -W ignore:easy_install command is deprecated setup.py egg_info --egg-base ../build/my_rov_package build --build-base /mnt/c/Users/garci/code/rov-depth-hold/build/my_rov_package/build install --record /mnt/c/Users/garci/code/rov-depth-hold/build/my_rov_package/install.log --install-scripts $base/lib/my_rov_package --single-version-externally-managed install_data
[1.880s] running egg_info
[1.884s] writing ../build/my_rov_package/my_rov_package.egg-info/PKG-INFO
[1.889s] writing dependency_links to ../build/my_rov_package/my_rov_package.egg-info/dependency_links.txt
[1.893s] writing entry points to ../build/my_rov_package/my_rov_package.egg-info/entry_points.txt
[1.897s] writing requirements to ../build/my_rov_package/my_rov_package.egg-info/requires.txt
[1.899s] writing top-level names to ../build/my_rov_package/my_rov_package.egg-info/top_level.txt
[1.925s] reading manifest file '../build/my_rov_package/my_rov_package.egg-info/SOURCES.txt'
[1.994s] writing manifest file '../build/my_rov_package/my_rov_package.egg-info/SOURCES.txt'
[1.996s] running build
[1.996s] running build_py
[2.003s] copying my_rov_package/controller_node.py -> /mnt/c/Users/garci/code/rov-depth-hold/build/my_rov_package/build/lib/my_rov_package
[2.015s] copying my_rov_package/depth_sensor.py -> /mnt/c/Users/garci/code/rov-depth-hold/build/my_rov_package/build/lib/my_rov_package
[2.030s] running install
[2.031s] running install_lib
[2.050s] copying /mnt/c/Users/garci/code/rov-depth-hold/build/my_rov_package/build/lib/my_rov_package/controller_node.py -> /mnt/c/Users/garci/code/rov-depth-hold/install/my_rov_package/lib/python3.10/site-packages/my_rov_package
[2.073s] copying /mnt/c/Users/garci/code/rov-depth-hold/build/my_rov_package/build/lib/my_rov_package/depth_sensor.py -> /mnt/c/Users/garci/code/rov-depth-hold/install/my_rov_package/lib/python3.10/site-packages/my_rov_package
[2.107s] byte-compiling /mnt/c/Users/garci/code/rov-depth-hold/install/my_rov_package/lib/python3.10/site-packages/my_rov_package/controller_node.py to controller_node.cpython-310.pyc
[2.135s] byte-compiling /mnt/c/Users/garci/code/rov-depth-hold/install/my_rov_package/lib/python3.10/site-packages/my_rov_package/depth_sensor.py to depth_sensor.cpython-310.pyc
[2.167s] running install_data
[2.193s] running install_egg_info
[2.201s] removing '/mnt/c/Users/garci/code/rov-depth-hold/install/my_rov_package/lib/python3.10/site-packages/my_rov_package-0.0.0-py3.10.egg-info' (and everything under it)
[2.242s] Copying ../build/my_rov_package/my_rov_package.egg-info to /mnt/c/Users/garci/code/rov-depth-hold/install/my_rov_package/lib/python3.10/site-packages/my_rov_package-0.0.0-py3.10.egg-info
[2.407s] running install_scripts
[2.458s] Installing controller_node script to /mnt/c/Users/garci/code/rov-depth-hold/install/my_rov_package/lib/my_rov_package
[2.465s] Installing depth_sensor script to /mnt/c/Users/garci/code/rov-depth-hold/install/my_rov_package/lib/my_rov_package
[2.475s] writing list of installed files to '/mnt/c/Users/garci/code/rov-depth-hold/build/my_rov_package/install.log'
[2.493s] Invoked command in '/mnt/c/Users/garci/code/rov-depth-hold/my_rov_package' returned '0': PYTHONPATH=/mnt/c/Users/garci/code/rov-depth-hold/build/my_rov_package/prefix_override:/usr/lib/python3/dist-packages/colcon_core/task/python/colcon_distutils_commands:/mnt/c/Users/garci/code/rov-depth-hold/install/my_rov_package/lib/python3.10/site-packages:${PYTHONPATH} /usr/bin/python3 -W ignore:setup.py install is deprecated -W ignore:easy_install command is deprecated setup.py egg_info --egg-base ../build/my_rov_package build --build-base /mnt/c/Users/garci/code/rov-depth-hold/build/my_rov_package/build install --record /mnt/c/Users/garci/code/rov-depth-hold/build/my_rov_package/install.log --install-scripts $base/lib/my_rov_package --single-version-externally-managed install_data
