[0.331s] DEBUG:colcon:Command line arguments: ['/usr/bin/colcon', 'build']
[0.332s] DEBUG:colcon:Parsed command line arguments: Namespace(log_base=None, log_level=None, verb_name='build', build_base='build', install_base='install', merge_install=False, symlink_install=False, test_result_base=None, continue_on_error=False, executor='parallel', parallel_workers=12, event_handlers=None, ignore_user_meta=False, metas=['./colcon.meta'], base_paths=['.'], packages_ignore=None, packages_ignore_regex=None, paths=None, packages_up_to=None, packages_up_to_regex=None, packages_above=None, packages_above_and_dependencies=None, packages_above_depth=None, packages_select_by_dep=None, packages_skip_by_dep=None, packages_skip_up_to=None, packages_select_build_failed=False, packages_skip_build_finished=False, packages_select_test_failures=False, packages_skip_test_passed=False, packages_select=None, packages_skip=None, packages_select_regex=None, packages_skip_regex=None, packages_start=None, packages_end=None, allow_overriding=[], cmake_args=None, cmake_target=None, cmake_target_skip_unavailable=False, cmake_clean_cache=False, cmake_clean_first=False, cmake_force_configure=False, ament_cmake_args=None, catkin_cmake_args=None, catkin_skip_building_tests=False, verb_parser=<colcon_defaults.argument_parser.defaults.DefaultArgumentsDecorator object at 0x75951372f940>, verb_extension=<colcon_core.verb.build.BuildVerb object at 0x75951372f4f0>, main=<bound method BuildVerb.main of <colcon_core.verb.build.BuildVerb object at 0x75951372f4f0>>)
[1.405s] Level 1:colcon.colcon_core.package_discovery:discover_packages(colcon_meta) check parameters
[1.405s] Level 1:colcon.colcon_core.package_discovery:discover_packages(recursive) check parameters
[1.405s] Level 1:colcon.colcon_core.package_discovery:discover_packages(ignore) check parameters
[1.405s] Level 1:colcon.colcon_core.package_discovery:discover_packages(path) check parameters
[1.405s] Level 1:colcon.colcon_core.package_discovery:discover_packages(colcon_meta) discover
[1.406s] Level 1:colcon.colcon_core.package_discovery:discover_packages(recursive) discover
[1.406s] INFO:colcon.colcon_core.package_discovery:Crawling recursively for packages in '/mnt/c/Users/garci/code/rov-depth-hold'
[1.407s] Level 1:colcon.colcon_core.package_identification:_identify(.) by extensions ['ignore', 'ignore_ament_install']
[1.407s] Level 1:colcon.colcon_core.package_identification:_identify(.) by extension 'ignore'
[1.407s] Level 1:colcon.colcon_core.package_identification:_identify(.) by extension 'ignore_ament_install'
[1.408s] Level 1:colcon.colcon_core.package_identification:_identify(.) by extensions ['colcon_pkg']
[1.408s] Level 1:colcon.colcon_core.package_identification:_identify(.) by extension 'colcon_pkg'
[1.408s] Level 1:colcon.colcon_core.package_identification:_identify(.) by extensions ['colcon_meta']
[1.408s] Level 1:colcon.colcon_core.package_identification:_identify(.) by extension 'colcon_meta'
[1.408s] Level 1:colcon.colcon_core.package_identification:_identify(.) by extensions ['ros']
[1.408s] Level 1:colcon.colcon_core.package_identification:_identify(.) by extension 'ros'
[1.421s] Level 1:colcon.colcon_core.package_identification:_identify(.) by extensions ['cmake', 'python']
[1.421s] Level 1:colcon.colcon_core.package_identification:_identify(.) by extension 'cmake'
[1.422s] Level 1:colcon.colcon_core.package_identification:_identify(.) by extension 'python'
[1.422s] Level 1:colcon.colcon_core.package_identification:_identify(.) by extensions ['python_setup_py']
[1.422s] Level 1:colcon.colcon_core.package_identification:_identify(.) by extension 'python_setup_py'
[1.424s] Level 1:colcon.colcon_core.package_identification:_identify(build) by extensions ['ignore', 'ignore_ament_install']
[1.424s] Level 1:colcon.colcon_core.package_identification:_identify(build) by extension 'ignore'
[1.425s] Level 1:colcon.colcon_core.package_identification:_identify(build) ignored
[1.427s] Level 1:colcon.colcon_core.package_identification:_identify(install) by extensions ['ignore', 'ignore_ament_install']
[1.427s] Level 1:colcon.colcon_core.package_identification:_identify(install) by extension 'ignore'
[1.428s] Level 1:colcon.colcon_core.package_identification:_identify(install) ignored
[1.430s] Level 1:colcon.colcon_core.package_identification:_identify(log) by extensions ['ignore', 'ignore_ament_install']
[1.431s] Level 1:colcon.colcon_core.package_identification:_identify(log) by extension 'ignore'
[1.431s] Level 1:colcon.colcon_core.package_identification:_identify(log) ignored
[1.433s] Level 1:colcon.colcon_core.package_identification:_identify(my_rov_package) by extensions ['ignore', 'ignore_ament_install']
[1.433s] Level 1:colcon.colcon_core.package_identification:_identify(my_rov_package) by extension 'ignore'
[1.434s] Level 1:colcon.colcon_core.package_identification:_identify(my_rov_package) by extension 'ignore_ament_install'
[1.435s] Level 1:colcon.colcon_core.package_identification:_identify(my_rov_package) by extensions ['colcon_pkg']
[1.435s] Level 1:colcon.colcon_core.package_identification:_identify(my_rov_package) by extension 'colcon_pkg'
[1.436s] Level 1:colcon.colcon_core.package_identification:_identify(my_rov_package) by extensions ['colcon_meta']
[1.436s] Level 1:colcon.colcon_core.package_identification:_identify(my_rov_package) by extension 'colcon_meta'
[1.436s] Level 1:colcon.colcon_core.package_identification:_identify(my_rov_package) by extensions ['ros']
[1.436s] Level 1:colcon.colcon_core.package_identification:_identify(my_rov_package) by extension 'ros'
[1.446s] DEBUG:colcon.colcon_core.package_identification:Package 'my_rov_package' with type 'ros.ament_python' and name 'my_rov_package'
[1.446s] Level 1:colcon.colcon_core.package_discovery:discover_packages(recursive) using defaults
[1.446s] Level 1:colcon.colcon_core.package_discovery:discover_packages(ignore) discover
[1.446s] Level 1:colcon.colcon_core.package_discovery:discover_packages(ignore) using defaults
[1.446s] Level 1:colcon.colcon_core.package_discovery:discover_packages(path) discover
[1.446s] Level 1:colcon.colcon_core.package_discovery:discover_packages(path) using defaults
[1.496s] Level 1:colcon.colcon_core.package_discovery:discover_packages(prefix_path) check parameters
[1.496s] Level 1:colcon.colcon_core.package_discovery:discover_packages(prefix_path) discover
[1.520s] DEBUG:colcon.colcon_installed_package_information.package_discovery:Found 1 installed packages in /mnt/c/Users/garci/code/rov-depth-hold/install
[1.522s] DEBUG:colcon.colcon_installed_package_information.package_discovery:Found 285 installed packages in /opt/ros/humble
[1.529s] Level 1:colcon.colcon_core.package_discovery:discover_packages(prefix_path) using defaults
[1.598s] Level 5:colcon.colcon_core.verb:set package 'my_rov_package' build argument 'cmake_args' from command line to 'None'
[1.598s] Level 5:colcon.colcon_core.verb:set package 'my_rov_package' build argument 'cmake_target' from command line to 'None'
[1.599s] Level 5:colcon.colcon_core.verb:set package 'my_rov_package' build argument 'cmake_target_skip_unavailable' from command line to 'False'
[1.599s] Level 5:colcon.colcon_core.verb:set package 'my_rov_package' build argument 'cmake_clean_cache' from command line to 'False'
[1.599s] Level 5:colcon.colcon_core.verb:set package 'my_rov_package' build argument 'cmake_clean_first' from command line to 'False'
[1.599s] Level 5:colcon.colcon_core.verb:set package 'my_rov_package' build argument 'cmake_force_configure' from command line to 'False'
[1.599s] Level 5:colcon.colcon_core.verb:set package 'my_rov_package' build argument 'ament_cmake_args' from command line to 'None'
[1.599s] Level 5:colcon.colcon_core.verb:set package 'my_rov_package' build argument 'catkin_cmake_args' from command line to 'None'
[1.599s] Level 5:colcon.colcon_core.verb:set package 'my_rov_package' build argument 'catkin_skip_building_tests' from command line to 'False'
[1.600s] DEBUG:colcon.colcon_core.verb:Building package 'my_rov_package' with the following arguments: {'ament_cmake_args': None, 'build_base': '/mnt/c/Users/garci/code/rov-depth-hold/build/my_rov_package', 'catkin_cmake_args': None, 'catkin_skip_building_tests': False, 'cmake_args': None, 'cmake_clean_cache': False, 'cmake_clean_first': False, 'cmake_force_configure': False, 'cmake_target': None, 'cmake_target_skip_unavailable': False, 'install_base': '/mnt/c/Users/garci/code/rov-depth-hold/install/my_rov_package', 'merge_install': False, 'path': '/mnt/c/Users/garci/code/rov-depth-hold/my_rov_package', 'symlink_install': False, 'test_result_base': None}
[1.600s] INFO:colcon.colcon_core.executor:Executing jobs using 'parallel' executor
[1.601s] DEBUG:colcon.colcon_parallel_executor.executor.parallel:run_until_complete
[1.601s] INFO:colcon.colcon_ros.task.ament_python.build:Building ROS package in '/mnt/c/Users/garci/code/rov-depth-hold/my_rov_package' with build type 'ament_python'
[1.601s] Level 1:colcon.colcon_core.shell:create_environment_hook('my_rov_package', 'ament_prefix_path')
[1.608s] INFO:colcon.colcon_core.plugin_system:Skipping extension 'colcon_core.shell.bat': Not used on non-Windows systems
[1.609s] INFO:colcon.colcon_core.shell:Creating environment hook '/mnt/c/Users/garci/code/rov-depth-hold/install/my_rov_package/share/my_rov_package/hook/ament_prefix_path.ps1'
[1.619s] INFO:colcon.colcon_core.shell:Creating environment descriptor '/mnt/c/Users/garci/code/rov-depth-hold/install/my_rov_package/share/my_rov_package/hook/ament_prefix_path.dsv'
[1.629s] INFO:colcon.colcon_core.shell:Creating environment hook '/mnt/c/Users/garci/code/rov-depth-hold/install/my_rov_package/share/my_rov_package/hook/ament_prefix_path.sh'
[1.640s] INFO:colcon.colcon_core.shell:Skip shell extension 'powershell' for command environment: Not usable outside of PowerShell
[1.640s] DEBUG:colcon.colcon_core.shell:Skip shell extension 'dsv' for command environment
[2.078s] INFO:colcon.colcon_core.task.python.build:Building Python package in '/mnt/c/Users/garci/code/rov-depth-hold/my_rov_package'
[2.078s] INFO:colcon.colcon_core.shell:Skip shell extension 'powershell' for command environment: Not usable outside of PowerShell
[2.079s] DEBUG:colcon.colcon_core.shell:Skip shell extension 'dsv' for command environment
[2.977s] DEBUG:colcon.colcon_core.task.python.build:Available setuptools commands: upload, bdist_rpm, setopt, update_catalog, egg_info, test, bdist, register, build, easy_install, extract_messages, init_catalog, install_scripts, install_data, build_py, clean, install_lib, bdist_wheel, install_headers, saveopts, build_clib, build_ext, develop, bdist_egg, dist_info, alias, upload_docs, install_egg_info, rotate, bdist_dumb, symlink_data, build_scripts, install, check, compile_catalog, sdist
[2.993s] DEBUG:colcon.colcon_core.event_handler.log_command:Invoking command in '/mnt/c/Users/garci/code/rov-depth-hold/my_rov_package': PYTHONPATH=/mnt/c/Users/garci/code/rov-depth-hold/build/my_rov_package/prefix_override:/usr/lib/python3/dist-packages/colcon_core/task/python/colcon_distutils_commands:/mnt/c/Users/garci/code/rov-depth-hold/install/my_rov_package/lib/python3.10/site-packages:${PYTHONPATH} /usr/bin/python3 -W ignore:setup.py install is deprecated -W ignore:easy_install command is deprecated setup.py egg_info --egg-base ../build/my_rov_package build --build-base /mnt/c/Users/garci/code/rov-depth-hold/build/my_rov_package/build install --record /mnt/c/Users/garci/code/rov-depth-hold/build/my_rov_package/install.log --install-scripts $base/lib/my_rov_package --single-version-externally-managed install_data
[4.023s] DEBUG:colcon.colcon_core.event_handler.log_command:Invoked command in '/mnt/c/Users/garci/code/rov-depth-hold/my_rov_package' returned '0': PYTHONPATH=/mnt/c/Users/garci/code/rov-depth-hold/build/my_rov_package/prefix_override:/usr/lib/python3/dist-packages/colcon_core/task/python/colcon_distutils_commands:/mnt/c/Users/garci/code/rov-depth-hold/install/my_rov_package/lib/python3.10/site-packages:${PYTHONPATH} /usr/bin/python3 -W ignore:setup.py install is deprecated -W ignore:easy_install command is deprecated setup.py egg_info --egg-base ../build/my_rov_package build --build-base /mnt/c/Users/garci/code/rov-depth-hold/build/my_rov_package/build install --record /mnt/c/Users/garci/code/rov-depth-hold/build/my_rov_package/install.log --install-scripts $base/lib/my_rov_package --single-version-externally-managed install_data
[4.032s] Level 1:colcon.colcon_core.environment:checking '/mnt/c/Users/garci/code/rov-depth-hold/install/my_rov_package' for CMake module files
[4.068s] Level 1:colcon.colcon_core.environment:checking '/mnt/c/Users/garci/code/rov-depth-hold/install/my_rov_package' for CMake config files
[4.130s] Level 1:colcon.colcon_core.environment:checking '/mnt/c/Users/garci/code/rov-depth-hold/install/my_rov_package/lib'
[4.133s] Level 1:colcon.colcon_core.environment:checking '/mnt/c/Users/garci/code/rov-depth-hold/install/my_rov_package/bin'
[4.134s] Level 1:colcon.colcon_core.environment:checking '/mnt/c/Users/garci/code/rov-depth-hold/install/my_rov_package/lib/pkgconfig/my_rov_package.pc'
[4.135s] Level 1:colcon.colcon_core.environment:checking '/mnt/c/Users/garci/code/rov-depth-hold/install/my_rov_package/lib/python3.10/site-packages'
[4.137s] Level 1:colcon.colcon_core.shell:create_environment_hook('my_rov_package', 'pythonpath')
[4.137s] INFO:colcon.colcon_core.shell:Creating environment hook '/mnt/c/Users/garci/code/rov-depth-hold/install/my_rov_package/share/my_rov_package/hook/pythonpath.ps1'
[4.146s] INFO:colcon.colcon_core.shell:Creating environment descriptor '/mnt/c/Users/garci/code/rov-depth-hold/install/my_rov_package/share/my_rov_package/hook/pythonpath.dsv'
[4.155s] INFO:colcon.colcon_core.shell:Creating environment hook '/mnt/c/Users/garci/code/rov-depth-hold/install/my_rov_package/share/my_rov_package/hook/pythonpath.sh'
[4.165s] Level 1:colcon.colcon_core.environment:checking '/mnt/c/Users/garci/code/rov-depth-hold/install/my_rov_package/bin'
[4.166s] Level 1:colcon.colcon_core.environment:create_environment_scripts_only(my_rov_package)
[4.166s] INFO:colcon.colcon_core.shell:Creating package script '/mnt/c/Users/garci/code/rov-depth-hold/install/my_rov_package/share/my_rov_package/package.ps1'
[4.176s] INFO:colcon.colcon_core.shell:Creating package descriptor '/mnt/c/Users/garci/code/rov-depth-hold/install/my_rov_package/share/my_rov_package/package.dsv'
[4.184s] INFO:colcon.colcon_core.shell:Creating package script '/mnt/c/Users/garci/code/rov-depth-hold/install/my_rov_package/share/my_rov_package/package.sh'
[4.192s] INFO:colcon.colcon_core.shell:Creating package script '/mnt/c/Users/garci/code/rov-depth-hold/install/my_rov_package/share/my_rov_package/package.bash'
[4.200s] INFO:colcon.colcon_core.shell:Creating package script '/mnt/c/Users/garci/code/rov-depth-hold/install/my_rov_package/share/my_rov_package/package.zsh'
[4.208s] Level 1:colcon.colcon_core.environment:create_file_with_runtime_dependencies(/mnt/c/Users/garci/code/rov-depth-hold/install/my_rov_package/share/colcon-core/packages/my_rov_package)
[4.214s] DEBUG:colcon.colcon_parallel_executor.executor.parallel:closing loop
[4.214s] DEBUG:colcon.colcon_parallel_executor.executor.parallel:loop closed
[4.214s] DEBUG:colcon.colcon_parallel_executor.executor.parallel:run_until_complete finished with '0'
[4.214s] DEBUG:colcon.colcon_core.event_reactor:joining thread
[4.251s] INFO:colcon.colcon_core.plugin_system:Skipping extension 'colcon_notification.desktop_notification.notify_send': Could not find 'notify-send'
[4.252s] INFO:colcon.colcon_core.plugin_system:Skipping extension 'colcon_notification.desktop_notification.terminal_notifier': Not used on non-Darwin systems
[4.252s] INFO:colcon.colcon_core.plugin_system:Skipping extension 'colcon_notification.desktop_notification.win32': Not used on non-Windows systems
[4.252s] INFO:colcon.colcon_notification.desktop_notification:Sending desktop notification using 'notify2'
[4.252s] DEBUG:colcon.colcon_notification.desktop_notification.notify2:Failed to initialize notify2: org.freedesktop.DBus.Error.FileNotFound: Failed to connect to socket /run/user/1000/bus: No such file or directory
[4.252s] DEBUG:colcon.colcon_core.event_reactor:joined thread
[4.253s] INFO:colcon.colcon_core.shell:Creating prefix script '/mnt/c/Users/garci/code/rov-depth-hold/install/local_setup.ps1'
[4.257s] INFO:colcon.colcon_core.shell:Creating prefix util module '/mnt/c/Users/garci/code/rov-depth-hold/install/_local_setup_util_ps1.py'
[4.261s] INFO:colcon.colcon_core.shell:Creating prefix chain script '/mnt/c/Users/garci/code/rov-depth-hold/install/setup.ps1'
[4.270s] INFO:colcon.colcon_core.shell:Creating prefix script '/mnt/c/Users/garci/code/rov-depth-hold/install/local_setup.sh'
[4.273s] INFO:colcon.colcon_core.shell:Creating prefix util module '/mnt/c/Users/garci/code/rov-depth-hold/install/_local_setup_util_sh.py'
[4.276s] INFO:colcon.colcon_core.shell:Creating prefix chain script '/mnt/c/Users/garci/code/rov-depth-hold/install/setup.sh'
[4.285s] INFO:colcon.colcon_core.shell:Creating prefix script '/mnt/c/Users/garci/code/rov-depth-hold/install/local_setup.bash'
[4.289s] INFO:colcon.colcon_core.shell:Creating prefix chain script '/mnt/c/Users/garci/code/rov-depth-hold/install/setup.bash'
[4.297s] INFO:colcon.colcon_core.shell:Creating prefix script '/mnt/c/Users/garci/code/rov-depth-hold/install/local_setup.zsh'
[4.300s] INFO:colcon.colcon_core.shell:Creating prefix chain script '/mnt/c/Users/garci/code/rov-depth-hold/install/setup.zsh'
