[0.168s] DEBUG:colcon:Command line arguments: ['/usr/bin/colcon', 'build']
[0.168s] DEBUG:colcon:Parsed command line arguments: Namespace(log_base=None, log_level=None, verb_name='build', build_base='build', install_base='install', merge_install=False, symlink_install=False, test_result_base=None, continue_on_error=False, executor='parallel', parallel_workers=12, event_handlers=None, ignore_user_meta=False, metas=['./colcon.meta'], base_paths=['.'], packages_ignore=None, packages_ignore_regex=None, paths=None, packages_up_to=None, packages_up_to_regex=None, packages_above=None, packages_above_and_dependencies=None, packages_above_depth=None, packages_select_by_dep=None, packages_skip_by_dep=None, packages_skip_up_to=None, packages_select_build_failed=False, packages_skip_build_finished=False, packages_select_test_failures=False, packages_skip_test_passed=False, packages_select=None, packages_skip=None, packages_select_regex=None, packages_skip_regex=None, packages_start=None, packages_end=None, allow_overriding=[], cmake_args=None, cmake_target=None, cmake_target_skip_unavailable=False, cmake_clean_cache=False, cmake_clean_first=False, cmake_force_configure=False, ament_cmake_args=None, catkin_cmake_args=None, catkin_skip_building_tests=False, verb_parser=<colcon_defaults.argument_parser.defaults.DefaultArgumentsDecorator object at 0x7e5c62423700>, verb_extension=<colcon_core.verb.build.BuildVerb object at 0x7e5c624232b0>, main=<bound method BuildVerb.main of <colcon_core.verb.build.BuildVerb object at 0x7e5c624232b0>>)
[0.418s] Level 1:colcon.colcon_core.package_discovery:discover_packages(colcon_meta) check parameters
[0.419s] Level 1:colcon.colcon_core.package_discovery:discover_packages(recursive) check parameters
[0.419s] Level 1:colcon.colcon_core.package_discovery:discover_packages(ignore) check parameters
[0.419s] Level 1:colcon.colcon_core.package_discovery:discover_packages(path) check parameters
[0.419s] Level 1:colcon.colcon_core.package_discovery:discover_packages(colcon_meta) discover
[0.419s] Level 1:colcon.colcon_core.package_discovery:discover_packages(recursive) discover
[0.419s] INFO:colcon.colcon_core.package_discovery:Crawling recursively for packages in '/mnt/c/Users/garci/code/rov-depth-hold'
[0.420s] Level 1:colcon.colcon_core.package_identification:_identify(.) by extensions ['ignore', 'ignore_ament_install']
[0.420s] Level 1:colcon.colcon_core.package_identification:_identify(.) by extension 'ignore'
[0.421s] Level 1:colcon.colcon_core.package_identification:_identify(.) by extension 'ignore_ament_install'
[0.421s] Level 1:colcon.colcon_core.package_identification:_identify(.) by extensions ['colcon_pkg']
[0.421s] Level 1:colcon.colcon_core.package_identification:_identify(.) by extension 'colcon_pkg'
[0.421s] Level 1:colcon.colcon_core.package_identification:_identify(.) by extensions ['colcon_meta']
[0.422s] Level 1:colcon.colcon_core.package_identification:_identify(.) by extension 'colcon_meta'
[0.422s] Level 1:colcon.colcon_core.package_identification:_identify(.) by extensions ['ros']
[0.422s] Level 1:colcon.colcon_core.package_identification:_identify(.) by extension 'ros'
[0.432s] Level 1:colcon.colcon_core.package_identification:_identify(.) by extensions ['cmake', 'python']
[0.432s] Level 1:colcon.colcon_core.package_identification:_identify(.) by extension 'cmake'
[0.433s] Level 1:colcon.colcon_core.package_identification:_identify(.) by extension 'python'
[0.433s] Level 1:colcon.colcon_core.package_identification:_identify(.) by extensions ['python_setup_py']
[0.433s] Level 1:colcon.colcon_core.package_identification:_identify(.) by extension 'python_setup_py'
[0.435s] Level 1:colcon.colcon_core.package_identification:_identify(build) by extensions ['ignore', 'ignore_ament_install']
[0.435s] Level 1:colcon.colcon_core.package_identification:_identify(build) by extension 'ignore'
[0.436s] Level 1:colcon.colcon_core.package_identification:_identify(build) ignored
[0.437s] Level 1:colcon.colcon_core.package_identification:_identify(install) by extensions ['ignore', 'ignore_ament_install']
[0.437s] Level 1:colcon.colcon_core.package_identification:_identify(install) by extension 'ignore'
[0.438s] Level 1:colcon.colcon_core.package_identification:_identify(install) ignored
[0.441s] Level 1:colcon.colcon_core.package_identification:_identify(log) by extensions ['ignore', 'ignore_ament_install']
[0.442s] Level 1:colcon.colcon_core.package_identification:_identify(log) by extension 'ignore'
[0.442s] Level 1:colcon.colcon_core.package_identification:_identify(log) ignored
[0.444s] Level 1:colcon.colcon_core.package_identification:_identify(my_rov_package) by extensions ['ignore', 'ignore_ament_install']
[0.444s] Level 1:colcon.colcon_core.package_identification:_identify(my_rov_package) by extension 'ignore'
[0.444s] Level 1:colcon.colcon_core.package_identification:_identify(my_rov_package) by extension 'ignore_ament_install'
[0.445s] Level 1:colcon.colcon_core.package_identification:_identify(my_rov_package) by extensions ['colcon_pkg']
[0.445s] Level 1:colcon.colcon_core.package_identification:_identify(my_rov_package) by extension 'colcon_pkg'
[0.446s] Level 1:colcon.colcon_core.package_identification:_identify(my_rov_package) by extensions ['colcon_meta']
[0.446s] Level 1:colcon.colcon_core.package_identification:_identify(my_rov_package) by extension 'colcon_meta'
[0.447s] Level 1:colcon.colcon_core.package_identification:_identify(my_rov_package) by extensions ['ros']
[0.447s] Level 1:colcon.colcon_core.package_identification:_identify(my_rov_package) by extension 'ros'
[0.464s] DEBUG:colcon.colcon_core.package_identification:Package 'my_rov_package' with type 'ros.ament_python' and name 'my_rov_package'
[0.464s] Level 1:colcon.colcon_core.package_discovery:discover_packages(recursive) using defaults
[0.464s] Level 1:colcon.colcon_core.package_discovery:discover_packages(ignore) discover
[0.464s] Level 1:colcon.colcon_core.package_discovery:discover_packages(ignore) using defaults
[0.464s] Level 1:colcon.colcon_core.package_discovery:discover_packages(path) discover
[0.464s] Level 1:colcon.colcon_core.package_discovery:discover_packages(path) using defaults
[0.488s] Level 1:colcon.colcon_core.package_discovery:discover_packages(prefix_path) check parameters
[0.488s] Level 1:colcon.colcon_core.package_discovery:discover_packages(prefix_path) discover
[0.491s] DEBUG:colcon.colcon_installed_package_information.package_discovery:Found 285 installed packages in /opt/ros/humble
[0.500s] Level 1:colcon.colcon_core.package_discovery:discover_packages(prefix_path) using defaults
[0.565s] Level 5:colcon.colcon_core.verb:set package 'my_rov_package' build argument 'cmake_args' from command line to 'None'
[0.566s] Level 5:colcon.colcon_core.verb:set package 'my_rov_package' build argument 'cmake_target' from command line to 'None'
[0.566s] Level 5:colcon.colcon_core.verb:set package 'my_rov_package' build argument 'cmake_target_skip_unavailable' from command line to 'False'
[0.566s] Level 5:colcon.colcon_core.verb:set package 'my_rov_package' build argument 'cmake_clean_cache' from command line to 'False'
[0.566s] Level 5:colcon.colcon_core.verb:set package 'my_rov_package' build argument 'cmake_clean_first' from command line to 'False'
[0.566s] Level 5:colcon.colcon_core.verb:set package 'my_rov_package' build argument 'cmake_force_configure' from command line to 'False'
[0.566s] Level 5:colcon.colcon_core.verb:set package 'my_rov_package' build argument 'ament_cmake_args' from command line to 'None'
[0.566s] Level 5:colcon.colcon_core.verb:set package 'my_rov_package' build argument 'catkin_cmake_args' from command line to 'None'
[0.567s] Level 5:colcon.colcon_core.verb:set package 'my_rov_package' build argument 'catkin_skip_building_tests' from command line to 'False'
[0.567s] DEBUG:colcon.colcon_core.verb:Building package 'my_rov_package' with the following arguments: {'ament_cmake_args': None, 'build_base': '/mnt/c/Users/garci/code/rov-depth-hold/build/my_rov_package', 'catkin_cmake_args': None, 'catkin_skip_building_tests': False, 'cmake_args': None, 'cmake_clean_cache': False, 'cmake_clean_first': False, 'cmake_force_configure': False, 'cmake_target': None, 'cmake_target_skip_unavailable': False, 'install_base': '/mnt/c/Users/garci/code/rov-depth-hold/install/my_rov_package', 'merge_install': False, 'path': '/mnt/c/Users/garci/code/rov-depth-hold/my_rov_package', 'symlink_install': False, 'test_result_base': None}
[0.567s] INFO:colcon.colcon_core.executor:Executing jobs using 'parallel' executor
[0.568s] DEBUG:colcon.colcon_parallel_executor.executor.parallel:run_until_complete
[0.568s] INFO:colcon.colcon_ros.task.ament_python.build:Building ROS package in '/mnt/c/Users/garci/code/rov-depth-hold/my_rov_package' with build type 'ament_python'
[0.568s] Level 1:colcon.colcon_core.shell:create_environment_hook('my_rov_package', 'ament_prefix_path')
[0.572s] INFO:colcon.colcon_core.plugin_system:Skipping extension 'colcon_core.shell.bat': Not used on non-Windows systems
[0.572s] INFO:colcon.colcon_core.shell:Creating environment hook '/mnt/c/Users/garci/code/rov-depth-hold/install/my_rov_package/share/my_rov_package/hook/ament_prefix_path.ps1'
[0.585s] INFO:colcon.colcon_core.shell:Creating environment descriptor '/mnt/c/Users/garci/code/rov-depth-hold/install/my_rov_package/share/my_rov_package/hook/ament_prefix_path.dsv'
[0.595s] INFO:colcon.colcon_core.shell:Creating environment hook '/mnt/c/Users/garci/code/rov-depth-hold/install/my_rov_package/share/my_rov_package/hook/ament_prefix_path.sh'
[0.605s] INFO:colcon.colcon_core.shell:Skip shell extension 'powershell' for command environment: Not usable outside of PowerShell
[0.605s] DEBUG:colcon.colcon_core.shell:Skip shell extension 'dsv' for command environment
[0.799s] INFO:colcon.colcon_core.task.python.build:Building Python package in '/mnt/c/Users/garci/code/rov-depth-hold/my_rov_package'
[0.799s] INFO:colcon.colcon_core.shell:Skip shell extension 'powershell' for command environment: Not usable outside of PowerShell
[0.799s] DEBUG:colcon.colcon_core.shell:Skip shell extension 'dsv' for command environment
[1.636s] DEBUG:colcon.colcon_core.task.python.build:Available setuptools commands: extract_messages, init_catalog, install_scripts, build_py, check, install, build_scripts, install_headers, bdist_dumb, update_catalog, bdist_rpm, register, symlink_data, build_ext, egg_info, easy_install, install_data, install_lib, install_egg_info, bdist, setopt, dist_info, compile_catalog, saveopts, sdist, clean, upload_docs, build, alias, bdist_wheel, rotate, upload, test, build_clib, develop, bdist_egg
[1.652s] DEBUG:colcon.colcon_core.event_handler.log_command:Invoking command in '/mnt/c/Users/garci/code/rov-depth-hold/my_rov_package': PYTHONPATH=/mnt/c/Users/garci/code/rov-depth-hold/build/my_rov_package/prefix_override:/usr/lib/python3/dist-packages/colcon_core/task/python/colcon_distutils_commands:/mnt/c/Users/garci/code/rov-depth-hold/install/my_rov_package/lib/python3.10/site-packages:${PYTHONPATH} /usr/bin/python3 -W ignore:setup.py install is deprecated -W ignore:easy_install command is deprecated setup.py egg_info --egg-base ../build/my_rov_package build --build-base /mnt/c/Users/garci/code/rov-depth-hold/build/my_rov_package/build install --record /mnt/c/Users/garci/code/rov-depth-hold/build/my_rov_package/install.log --install-scripts $base/lib/my_rov_package --single-version-externally-managed install_data
[2.612s] DEBUG:colcon.colcon_core.event_handler.log_command:Invoked command in '/mnt/c/Users/garci/code/rov-depth-hold/my_rov_package' returned '0': PYTHONPATH=/mnt/c/Users/garci/code/rov-depth-hold/build/my_rov_package/prefix_override:/usr/lib/python3/dist-packages/colcon_core/task/python/colcon_distutils_commands:/mnt/c/Users/garci/code/rov-depth-hold/install/my_rov_package/lib/python3.10/site-packages:${PYTHONPATH} /usr/bin/python3 -W ignore:setup.py install is deprecated -W ignore:easy_install command is deprecated setup.py egg_info --egg-base ../build/my_rov_package build --build-base /mnt/c/Users/garci/code/rov-depth-hold/build/my_rov_package/build install --record /mnt/c/Users/garci/code/rov-depth-hold/build/my_rov_package/install.log --install-scripts $base/lib/my_rov_package --single-version-externally-managed install_data
[2.616s] Level 1:colcon.colcon_core.environment:checking '/mnt/c/Users/garci/code/rov-depth-hold/install/my_rov_package' for CMake module files
[2.639s] Level 1:colcon.colcon_core.environment:checking '/mnt/c/Users/garci/code/rov-depth-hold/install/my_rov_package' for CMake config files
[2.688s] Level 1:colcon.colcon_core.environment:checking '/mnt/c/Users/garci/code/rov-depth-hold/install/my_rov_package/lib'
[2.691s] Level 1:colcon.colcon_core.environment:checking '/mnt/c/Users/garci/code/rov-depth-hold/install/my_rov_package/bin'
[2.692s] Level 1:colcon.colcon_core.environment:checking '/mnt/c/Users/garci/code/rov-depth-hold/install/my_rov_package/lib/pkgconfig/my_rov_package.pc'
[2.693s] Level 1:colcon.colcon_core.environment:checking '/mnt/c/Users/garci/code/rov-depth-hold/install/my_rov_package/lib/python3.10/site-packages'
[2.695s] Level 1:colcon.colcon_core.shell:create_environment_hook('my_rov_package', 'pythonpath')
[2.695s] INFO:colcon.colcon_core.shell:Creating environment hook '/mnt/c/Users/garci/code/rov-depth-hold/install/my_rov_package/share/my_rov_package/hook/pythonpath.ps1'
[2.705s] INFO:colcon.colcon_core.shell:Creating environment descriptor '/mnt/c/Users/garci/code/rov-depth-hold/install/my_rov_package/share/my_rov_package/hook/pythonpath.dsv'
[2.714s] INFO:colcon.colcon_core.shell:Creating environment hook '/mnt/c/Users/garci/code/rov-depth-hold/install/my_rov_package/share/my_rov_package/hook/pythonpath.sh'
[2.724s] Level 1:colcon.colcon_core.environment:checking '/mnt/c/Users/garci/code/rov-depth-hold/install/my_rov_package/bin'
[2.725s] Level 1:colcon.colcon_core.environment:create_environment_scripts_only(my_rov_package)
[2.725s] INFO:colcon.colcon_core.shell:Creating package script '/mnt/c/Users/garci/code/rov-depth-hold/install/my_rov_package/share/my_rov_package/package.ps1'
[2.734s] INFO:colcon.colcon_core.shell:Creating package descriptor '/mnt/c/Users/garci/code/rov-depth-hold/install/my_rov_package/share/my_rov_package/package.dsv'
[2.742s] INFO:colcon.colcon_core.shell:Creating package script '/mnt/c/Users/garci/code/rov-depth-hold/install/my_rov_package/share/my_rov_package/package.sh'
[2.751s] INFO:colcon.colcon_core.shell:Creating package script '/mnt/c/Users/garci/code/rov-depth-hold/install/my_rov_package/share/my_rov_package/package.bash'
[2.759s] INFO:colcon.colcon_core.shell:Creating package script '/mnt/c/Users/garci/code/rov-depth-hold/install/my_rov_package/share/my_rov_package/package.zsh'
[2.767s] Level 1:colcon.colcon_core.environment:create_file_with_runtime_dependencies(/mnt/c/Users/garci/code/rov-depth-hold/install/my_rov_package/share/colcon-core/packages/my_rov_package)
[2.774s] DEBUG:colcon.colcon_parallel_executor.executor.parallel:closing loop
[2.774s] DEBUG:colcon.colcon_parallel_executor.executor.parallel:loop closed
[2.774s] DEBUG:colcon.colcon_parallel_executor.executor.parallel:run_until_complete finished with '0'
[2.775s] DEBUG:colcon.colcon_core.event_reactor:joining thread
[2.810s] INFO:colcon.colcon_core.plugin_system:Skipping extension 'colcon_notification.desktop_notification.notify_send': Could not find 'notify-send'
[2.811s] INFO:colcon.colcon_core.plugin_system:Skipping extension 'colcon_notification.desktop_notification.terminal_notifier': Not used on non-Darwin systems
[2.811s] INFO:colcon.colcon_core.plugin_system:Skipping extension 'colcon_notification.desktop_notification.win32': Not used on non-Windows systems
[2.811s] INFO:colcon.colcon_notification.desktop_notification:Sending desktop notification using 'notify2'
[2.811s] DEBUG:colcon.colcon_notification.desktop_notification.notify2:Failed to initialize notify2: org.freedesktop.DBus.Error.FileNotFound: Failed to connect to socket /run/user/1000/bus: No such file or directory
[2.811s] DEBUG:colcon.colcon_core.event_reactor:joined thread
[2.812s] INFO:colcon.colcon_core.shell:Creating prefix script '/mnt/c/Users/garci/code/rov-depth-hold/install/local_setup.ps1'
[2.815s] INFO:colcon.colcon_core.shell:Creating prefix util module '/mnt/c/Users/garci/code/rov-depth-hold/install/_local_setup_util_ps1.py'
[2.819s] INFO:colcon.colcon_core.shell:Creating prefix chain script '/mnt/c/Users/garci/code/rov-depth-hold/install/setup.ps1'
[2.823s] INFO:colcon.colcon_core.shell:Creating prefix script '/mnt/c/Users/garci/code/rov-depth-hold/install/local_setup.sh'
[2.827s] INFO:colcon.colcon_core.shell:Creating prefix util module '/mnt/c/Users/garci/code/rov-depth-hold/install/_local_setup_util_sh.py'
[2.830s] INFO:colcon.colcon_core.shell:Creating prefix chain script '/mnt/c/Users/garci/code/rov-depth-hold/install/setup.sh'
[2.834s] INFO:colcon.colcon_core.shell:Creating prefix script '/mnt/c/Users/garci/code/rov-depth-hold/install/local_setup.bash'
[2.838s] INFO:colcon.colcon_core.shell:Creating prefix chain script '/mnt/c/Users/garci/code/rov-depth-hold/install/setup.bash'
[2.842s] INFO:colcon.colcon_core.shell:Creating prefix script '/mnt/c/Users/garci/code/rov-depth-hold/install/local_setup.zsh'
[2.845s] INFO:colcon.colcon_core.shell:Creating prefix chain script '/mnt/c/Users/garci/code/rov-depth-hold/install/setup.zsh'
