[1.429s] Invoking command in '/mnt/c/Users/garci/code/rov-depth-hold/my_rov_package': PYTHONPATH=/mnt/c/Users/garci/code/rov-depth-hold/build/my_rov_package/prefix_override:/usr/lib/python3/dist-packages/colcon_core/task/python/colcon_distutils_commands:/mnt/c/Users/garci/code/rov-depth-hold/install/my_rov_package/lib/python3.10/site-packages:${PYTHONPATH} /usr/bin/python3 -W ignore:setup.py install is deprecated -W ignore:easy_install command is deprecated setup.py egg_info --egg-base ../build/my_rov_package build --build-base /mnt/c/Users/garci/code/rov-depth-hold/build/my_rov_package/build install --record /mnt/c/Users/garci/code/rov-depth-hold/build/my_rov_package/install.log --install-scripts $base/lib/my_rov_package --single-version-externally-managed install_data
[2.031s] running egg_info
[2.035s] writing ../build/my_rov_package/my_rov_package.egg-info/PKG-INFO
[2.040s] writing dependency_links to ../build/my_rov_package/my_rov_package.egg-info/dependency_links.txt
[2.044s] writing entry points to ../build/my_rov_package/my_rov_package.egg-info/entry_points.txt
[2.047s] writing requirements to ../build/my_rov_package/my_rov_package.egg-info/requires.txt
[2.050s] writing top-level names to ../build/my_rov_package/my_rov_package.egg-info/top_level.txt
[2.077s] reading manifest file '../build/my_rov_package/my_rov_package.egg-info/SOURCES.txt'
[2.148s] writing manifest file '../build/my_rov_package/my_rov_package.egg-info/SOURCES.txt'
[2.150s] running build
[2.150s] running build_py
[2.162s] running install
[2.163s] running install_lib
[2.202s] running install_data
[2.234s] running install_egg_info
[2.244s] removing '/mnt/c/Users/garci/code/rov-depth-hold/install/my_rov_package/lib/python3.10/site-packages/my_rov_package-0.0.0-py3.10.egg-info' (and everything under it)
[2.285s] Copying ../build/my_rov_package/my_rov_package.egg-info to /mnt/c/Users/garci/code/rov-depth-hold/install/my_rov_package/lib/python3.10/site-packages/my_rov_package-0.0.0-py3.10.egg-info
[2.468s] running install_scripts
[2.523s] Installing controller script to /mnt/c/Users/garci/code/rov-depth-hold/install/my_rov_package/lib/my_rov_package
[2.532s] writing list of installed files to '/mnt/c/Users/garci/code/rov-depth-hold/build/my_rov_package/install.log'
[2.550s] Invoked command in '/mnt/c/Users/garci/code/rov-depth-hold/my_rov_package' returned '0': PYTHONPATH=/mnt/c/Users/garci/code/rov-depth-hold/build/my_rov_package/prefix_override:/usr/lib/python3/dist-packages/colcon_core/task/python/colcon_distutils_commands:/mnt/c/Users/garci/code/rov-depth-hold/install/my_rov_package/lib/python3.10/site-packages:${PYTHONPATH} /usr/bin/python3 -W ignore:setup.py install is deprecated -W ignore:easy_install command is deprecated setup.py egg_info --egg-base ../build/my_rov_package build --build-base /mnt/c/Users/garci/code/rov-depth-hold/build/my_rov_package/build install --record /mnt/c/Users/garci/code/rov-depth-hold/build/my_rov_package/install.log --install-scripts $base/lib/my_rov_package --single-version-externally-managed install_data
